Command line invocation:
    /Applications/Xcode.app/Contents/Developer/usr/bin/xcodebuild -workspace IngrediCheck.xcworkspace -scheme IngrediCheck -destination "platform=iOS Simulator,name=iPhone 17 Pro" build

Resolve Package Graph


Resolved source packages:
  AppCheck: https://github.com/google/app-check.git @ 11.2.0
  PostHog: https://github.com/PostHog/posthog-ios.git @ 3.33.0
  GoogleUtilities: https://github.com/google/GoogleUtilities.git @ 8.1.0
  swift-clocks: https://github.com/pointfreeco/swift-clocks @ 1.0.6
  AppAuth: https://github.com/openid/AppAuth-iOS.git @ 2.0.0
  GoogleSignIn: https://github.com/google/GoogleSignIn-iOS @ 9.0.0
  SimpleToast: https://github.com/sanzaru/SimpleToast.git @ 0.11.0
  swift-http-types: https://github.com/apple/swift-http-types.git @ 1.4.0
  GTMSessionFetcher: https://github.com/google/gtm-session-fetcher.git @ 3.5.0
  Supabase: https://github.com/supabase/supabase-swift.git @ 2.34.0
  SwiftUIFlowLayout: https://github.com/globulus/swiftui-flow-layout @ 1.0.5
  KeychainSwift: https://github.com/evgenyneu/keychain-swift.git @ 24.0.0
  swift-concurrency-extras: https://github.com/pointfreeco/swift-concurrency-extras @ 1.3.1
  xctest-dynamic-overlay: https://github.com/pointfreeco/xctest-dynamic-overlay @ 1.6.1
  Promises: https://github.com/google/promises.git @ 2.4.0
  swift-crypto: https://github.com/apple/swift-crypto.git @ 3.14.0
  swift-asn1: https://github.com/apple/swift-asn1.git @ 1.4.0
  GTMAppAuth: https://github.com/google/GTMAppAuth.git @ 5.0.0

--- xcodebuild: WARNING: Using the first of multiple matching destinations:
{ platform:iOS Simulator, arch:arm64, id:80E6782B-5AEF-4F5A-A43C-4F4BD0E6C4EB, OS:26.1, name:iPhone 17 Pro }
{ platform:iOS Simulator, arch:x86_64, id:80E6782B-5AEF-4F5A-A43C-4F4BD0E6C4EB, OS:26.1, name:iPhone 17 Pro }
ComputePackagePrebuildTargetDependencyGraph

Prepare packages

CreateBuildRequest

SendProjectDescription

CreateBuildOperation

ComputeTargetDependencyGraph
note: Building targets in dependency order
note: Target dependency graph (67 targets)
    Target 'IngrediCheck' in project 'IngrediCheck'
        ➜ Explicit dependency on target 'GoogleSignInSwift' in project 'GoogleSignIn'
        ➜ Explicit dependency on target 'Supabase' in project 'Supabase'
        ➜ Explicit dependency on target 'GoogleSignIn' in project 'GoogleSignIn'
        ➜ Explicit dependency on target 'Storage' in project 'Supabase'
        ➜ Explicit dependency on target 'SwiftUIFlowLayout' in project 'SwiftUIFlowLayout'
        ➜ Explicit dependency on target 'PostHog' in project 'PostHog'
        ➜ Explicit dependency on target 'SimpleToast' in project 'SimpleToast'
        ➜ Explicit dependency on target 'KeychainSwift' in project 'KeychainSwift'
        ➜ Explicit dependency on target 'Auth' in project 'Supabase'
    Target 'Auth' in project 'Supabase'
        ➜ Explicit dependency on target 'Auth' in project 'Supabase'
        ➜ Explicit dependency on target 'Helpers' in project 'Supabase'
        ➜ Explicit dependency on target 'ConcurrencyExtras' in project 'swift-concurrency-extras'
        ➜ Explicit dependency on target 'HTTPTypes' in project 'swift-http-types'
        ➜ Explicit dependency on target 'Clocks' in project 'swift-clocks'
        ➜ Explicit dependency on target 'XCTestDynamicOverlay' in project 'xctest-dynamic-overlay'
        ➜ Explicit dependency on target 'Crypto' in project 'swift-crypto'
    Target 'KeychainSwift' in project 'KeychainSwift'
        ➜ Explicit dependency on target 'KeychainSwift' in project 'KeychainSwift'
    Target 'KeychainSwift' in project 'KeychainSwift' (no dependencies)
    Target 'SimpleToast' in project 'SimpleToast'
        ➜ Explicit dependency on target 'SimpleToast' in project 'SimpleToast'
    Target 'SimpleToast' in project 'SimpleToast' (no dependencies)
    Target 'PostHog' in project 'PostHog'
        ➜ Explicit dependency on target 'PostHog' in project 'PostHog'
        ➜ Explicit dependency on target 'PostHog_PostHog' in project 'PostHog'
        ➜ Explicit dependency on target 'phlibwebp' in project 'PostHog'
    Target 'PostHog' in project 'PostHog'
        ➜ Explicit dependency on target 'PostHog_PostHog' in project 'PostHog'
        ➜ Explicit dependency on target 'phlibwebp' in project 'PostHog'
    Target 'phlibwebp' in project 'PostHog' (no dependencies)
    Target 'PostHog_PostHog' in project 'PostHog' (no dependencies)
    Target 'SwiftUIFlowLayout' in project 'SwiftUIFlowLayout'
        ➜ Explicit dependency on target 'SwiftUIFlowLayout' in project 'SwiftUIFlowLayout'
    Target 'SwiftUIFlowLayout' in project 'SwiftUIFlowLayout' (no dependencies)
    Target 'Storage' in project 'Supabase'
        ➜ Explicit dependency on target 'Storage' in project 'Supabase'
        ➜ Explicit dependency on target 'Helpers' in project 'Supabase'
        ➜ Explicit dependency on target 'ConcurrencyExtras' in project 'swift-concurrency-extras'
        ➜ Explicit dependency on target 'HTTPTypes' in project 'swift-http-types'
        ➜ Explicit dependency on target 'Clocks' in project 'swift-clocks'
        ➜ Explicit dependency on target 'XCTestDynamicOverlay' in project 'xctest-dynamic-overlay'
    Target 'GoogleSignIn' in project 'GoogleSignIn'
        ➜ Explicit dependency on target 'GoogleSignIn' in project 'GoogleSignIn'
        ➜ Explicit dependency on target 'GoogleSignIn_GoogleSignIn' in project 'GoogleSignIn'
        ➜ Explicit dependency on target 'AppAuth' in project 'AppAuth'
        ➜ Explicit dependency on target 'AppAuthCore' in project 'AppAuth'
        ➜ Explicit dependency on target 'AppCheckCore' in project 'AppCheck'
        ➜ Explicit dependency on target 'GTMAppAuth' in project 'GTMAppAuth'
        ➜ Explicit dependency on target 'GTMSessionFetcherCore' in project 'GTMSessionFetcher'
    Target 'Supabase' in project 'Supabase'
        ➜ Explicit dependency on target 'Supabase' in project 'Supabase'
        ➜ Explicit dependency on target 'Functions' in project 'Supabase'
        ➜ Explicit dependency on target 'PostgREST' in project 'Supabase'
        ➜ Explicit dependency on target 'Auth' in project 'Supabase'
        ➜ Explicit dependency on target 'Realtime' in project 'Supabase'
        ➜ Explicit dependency on target 'Storage' in project 'Supabase'
        ➜ Explicit dependency on target 'Helpers' in project 'Supabase'
        ➜ Explicit dependency on target 'ConcurrencyExtras' in project 'swift-concurrency-extras'
        ➜ Explicit dependency on target 'HTTPTypes' in project 'swift-http-types'
        ➜ Explicit dependency on target 'Clocks' in project 'swift-clocks'
        ➜ Explicit dependency on target 'XCTestDynamicOverlay' in project 'xctest-dynamic-overlay'
        ➜ Explicit dependency on target 'Crypto' in project 'swift-crypto'
        ➜ Explicit dependency on target 'IssueReporting' in project 'xctest-dynamic-overlay'
    Target 'Supabase' in project 'Supabase'
        ➜ Explicit dependency on target 'Helpers' in project 'Supabase'
        ➜ Explicit dependency on target 'Auth' in project 'Supabase'
        ➜ Explicit dependency on target 'Functions' in project 'Supabase'
        ➜ Explicit dependency on target 'PostgREST' in project 'Supabase'
        ➜ Explicit dependency on target 'Realtime' in project 'Supabase'
        ➜ Explicit dependency on target 'Storage' in project 'Supabase'
        ➜ Explicit dependency on target 'ConcurrencyExtras' in project 'swift-concurrency-extras'
        ➜ Explicit dependency on target 'HTTPTypes' in project 'swift-http-types'
        ➜ Explicit dependency on target 'Clocks' in project 'swift-clocks'
        ➜ Explicit dependency on target 'XCTestDynamicOverlay' in project 'xctest-dynamic-overlay'
        ➜ Explicit dependency on target 'Crypto' in project 'swift-crypto'
        ➜ Explicit dependency on target 'IssueReporting' in project 'xctest-dynamic-overlay'
    Target 'Storage' in project 'Supabase'
        ➜ Explicit dependency on target 'Helpers' in project 'Supabase'
        ➜ Explicit dependency on target 'ConcurrencyExtras' in project 'swift-concurrency-extras'
        ➜ Explicit dependency on target 'HTTPTypes' in project 'swift-http-types'
        ➜ Explicit dependency on target 'Clocks' in project 'swift-clocks'
        ➜ Explicit dependency on target 'XCTestDynamicOverlay' in project 'xctest-dynamic-overlay'
    Target 'Realtime' in project 'Supabase'
        ➜ Explicit dependency on target 'Helpers' in project 'Supabase'
        ➜ Explicit dependency on target 'ConcurrencyExtras' in project 'swift-concurrency-extras'
        ➜ Explicit dependency on target 'HTTPTypes' in project 'swift-http-types'
        ➜ Explicit dependency on target 'Clocks' in project 'swift-clocks'
        ➜ Explicit dependency on target 'XCTestDynamicOverlay' in project 'xctest-dynamic-overlay'
        ➜ Explicit dependency on target 'IssueReporting' in project 'xctest-dynamic-overlay'
    Target 'PostgREST' in project 'Supabase'
        ➜ Explicit dependency on target 'Helpers' in project 'Supabase'
        ➜ Explicit dependency on target 'ConcurrencyExtras' in project 'swift-concurrency-extras'
        ➜ Explicit dependency on target 'HTTPTypes' in project 'swift-http-types'
        ➜ Explicit dependency on target 'Clocks' in project 'swift-clocks'
        ➜ Explicit dependency on target 'XCTestDynamicOverlay' in project 'xctest-dynamic-overlay'
    Target 'Functions' in project 'Supabase'
        ➜ Explicit dependency on target 'Helpers' in project 'Supabase'
        ➜ Explicit dependency on target 'ConcurrencyExtras' in project 'swift-concurrency-extras'
        ➜ Explicit dependency on target 'HTTPTypes' in project 'swift-http-types'
        ➜ Explicit dependency on target 'Clocks' in project 'swift-clocks'
        ➜ Explicit dependency on target 'XCTestDynamicOverlay' in project 'xctest-dynamic-overlay'
    Target 'Auth' in project 'Supabase'
        ➜ Explicit dependency on target 'Helpers' in project 'Supabase'
        ➜ Explicit dependency on target 'ConcurrencyExtras' in project 'swift-concurrency-extras'
        ➜ Explicit dependency on target 'HTTPTypes' in project 'swift-http-types'
        ➜ Explicit dependency on target 'Clocks' in project 'swift-clocks'
        ➜ Explicit dependency on target 'XCTestDynamicOverlay' in project 'xctest-dynamic-overlay'
        ➜ Explicit dependency on target 'Crypto' in project 'swift-crypto'
    Target 'Crypto' in project 'swift-crypto'
        ➜ Explicit dependency on target 'Crypto' in project 'swift-crypto'
        ➜ Explicit dependency on target 'swift-crypto_Crypto' in project 'swift-crypto'
    Target 'Crypto' in project 'swift-crypto'
        ➜ Explicit dependency on target 'swift-crypto_Crypto' in project 'swift-crypto'
    Target 'swift-crypto_Crypto' in project 'swift-crypto' (no dependencies)
    Target 'Helpers' in project 'Supabase'
        ➜ Explicit dependency on target 'ConcurrencyExtras' in project 'swift-concurrency-extras'
        ➜ Explicit dependency on target 'HTTPTypes' in project 'swift-http-types'
        ➜ Explicit dependency on target 'Clocks' in project 'swift-clocks'
        ➜ Explicit dependency on target 'XCTestDynamicOverlay' in project 'xctest-dynamic-overlay'
    Target 'XCTestDynamicOverlay' in project 'xctest-dynamic-overlay'
        ➜ Explicit dependency on target 'XCTestDynamicOverlay' in project 'xctest-dynamic-overlay'
        ➜ Explicit dependency on target 'IssueReportingPackageSupport' in project 'xctest-dynamic-overlay'
        ➜ Explicit dependency on target 'IssueReporting' in project 'xctest-dynamic-overlay'
    Target 'XCTestDynamicOverlay' in project 'xctest-dynamic-overlay'
        ➜ Explicit dependency on target 'IssueReportingPackageSupport' in project 'xctest-dynamic-overlay'
        ➜ Explicit dependency on target 'IssueReporting' in project 'xctest-dynamic-overlay'
    Target 'Clocks' in project 'swift-clocks'
        ➜ Explicit dependency on target 'Clocks' in project 'swift-clocks'
        ➜ Explicit dependency on target 'ConcurrencyExtras' in project 'swift-concurrency-extras'
        ➜ Explicit dependency on target 'IssueReporting' in project 'xctest-dynamic-overlay'
    Target 'Clocks' in project 'swift-clocks'
        ➜ Explicit dependency on target 'ConcurrencyExtras' in project 'swift-concurrency-extras'
        ➜ Explicit dependency on target 'IssueReporting' in project 'xctest-dynamic-overlay'
    Target 'IssueReporting' in project 'xctest-dynamic-overlay'
        ➜ Explicit dependency on target 'IssueReporting' in project 'xctest-dynamic-overlay'
        ➜ Explicit dependency on target 'IssueReportingPackageSupport' in project 'xctest-dynamic-overlay'
    Target 'IssueReporting' in project 'xctest-dynamic-overlay'
        ➜ Explicit dependency on target 'IssueReportingPackageSupport' in project 'xctest-dynamic-overlay'
    Target 'IssueReportingPackageSupport' in project 'xctest-dynamic-overlay' (no dependencies)
    Target 'HTTPTypes' in project 'swift-http-types'
        ➜ Explicit dependency on target 'HTTPTypes' in project 'swift-http-types'
    Target 'HTTPTypes' in project 'swift-http-types' (no dependencies)
    Target 'ConcurrencyExtras' in project 'swift-concurrency-extras'
        ➜ Explicit dependency on target 'ConcurrencyExtras' in project 'swift-concurrency-extras'
    Target 'ConcurrencyExtras' in project 'swift-concurrency-extras' (no dependencies)
    Target 'GoogleSignInSwift' in project 'GoogleSignIn'
        ➜ Explicit dependency on target 'GoogleSignInSwift' in project 'GoogleSignIn'
        ➜ Explicit dependency on target 'GoogleSignIn_GoogleSignInSwift' in project 'GoogleSignIn'
        ➜ Explicit dependency on target 'GoogleSignIn' in project 'GoogleSignIn'
        ➜ Explicit dependency on target 'AppAuth' in project 'AppAuth'
        ➜ Explicit dependency on target 'AppAuthCore' in project 'AppAuth'
        ➜ Explicit dependency on target 'AppCheckCore' in project 'AppCheck'
        ➜ Explicit dependency on target 'GTMAppAuth' in project 'GTMAppAuth'
        ➜ Explicit dependency on target 'GTMSessionFetcherCore' in project 'GTMSessionFetcher'
    Target 'GoogleSignInSwift' in project 'GoogleSignIn'
        ➜ Explicit dependency on target 'GoogleSignIn_GoogleSignInSwift' in project 'GoogleSignIn'
        ➜ Explicit dependency on target 'GoogleSignIn' in project 'GoogleSignIn'
        ➜ Explicit dependency on target 'AppAuth' in project 'AppAuth'
        ➜ Explicit dependency on target 'AppAuthCore' in project 'AppAuth'
        ➜ Explicit dependency on target 'AppCheckCore' in project 'AppCheck'
        ➜ Explicit dependency on target 'GTMAppAuth' in project 'GTMAppAuth'
        ➜ Explicit dependency on target 'GTMSessionFetcherCore' in project 'GTMSessionFetcher'
    Target 'GoogleSignIn' in project 'GoogleSignIn'
        ➜ Explicit dependency on target 'GoogleSignIn_GoogleSignIn' in project 'GoogleSignIn'
        ➜ Explicit dependency on target 'AppAuth' in project 'AppAuth'
        ➜ Explicit dependency on target 'AppAuthCore' in project 'AppAuth'
        ➜ Explicit dependency on target 'AppCheckCore' in project 'AppCheck'
        ➜ Explicit dependency on target 'GTMAppAuth' in project 'GTMAppAuth'
        ➜ Explicit dependency on target 'GTMSessionFetcherCore' in project 'GTMSessionFetcher'
    Target 'GTMAppAuth' in project 'GTMAppAuth'
        ➜ Explicit dependency on target 'GTMAppAuth' in project 'GTMAppAuth'
        ➜ Explicit dependency on target 'GTMAppAuth_GTMAppAuth' in project 'GTMAppAuth'
        ➜ Explicit dependency on target 'GTMSessionFetcherCore' in project 'GTMSessionFetcher'
        ➜ Explicit dependency on target 'AppAuthCore' in project 'AppAuth'
    Target 'GTMAppAuth' in project 'GTMAppAuth'
        ➜ Explicit dependency on target 'GTMAppAuth_GTMAppAuth' in project 'GTMAppAuth'
        ➜ Explicit dependency on target 'GTMSessionFetcherCore' in project 'GTMSessionFetcher'
        ➜ Explicit dependency on target 'AppAuthCore' in project 'AppAuth'
    Target 'GTMSessionFetcherCore' in project 'GTMSessionFetcher'
        ➜ Explicit dependency on target 'GTMSessionFetcherCore' in project 'GTMSessionFetcher'
        ➜ Explicit dependency on target 'GTMSessionFetcher_GTMSessionFetcherCore' in project 'GTMSessionFetcher'
    Target 'GTMSessionFetcherCore' in project 'GTMSessionFetcher'
        ➜ Explicit dependency on target 'GTMSessionFetcher_GTMSessionFetcherCore' in project 'GTMSessionFetcher'
    Target 'GTMSessionFetcher_GTMSessionFetcherCore' in project 'GTMSessionFetcher' (no dependencies)
    Target 'GTMAppAuth_GTMAppAuth' in project 'GTMAppAuth' (no dependencies)
    Target 'AppCheckCore' in project 'AppCheck'
        ➜ Explicit dependency on target 'AppCheckCore' in project 'AppCheck'
        ➜ Explicit dependency on target 'FBLPromises' in project 'Promises'
        ➜ Explicit dependency on target 'GULEnvironment' in project 'GoogleUtilities'
        ➜ Explicit dependency on target 'GULUserDefaults' in project 'GoogleUtilities'
    Target 'AppCheckCore' in project 'AppCheck'
        ➜ Explicit dependency on target 'FBLPromises' in project 'Promises'
        ➜ Explicit dependency on target 'GULEnvironment' in project 'GoogleUtilities'
        ➜ Explicit dependency on target 'GULUserDefaults' in project 'GoogleUtilities'
    Target 'GULUserDefaults' in project 'GoogleUtilities'
        ➜ Explicit dependency on target 'GoogleUtilities-UserDefaults' in project 'GoogleUtilities'
        ➜ Explicit dependency on target 'GoogleUtilities_GoogleUtilities-UserDefaults' in project 'GoogleUtilities'
        ➜ Explicit dependency on target 'third-party-IsAppEncrypted' in project 'GoogleUtilities'
        ➜ Explicit dependency on target 'GoogleUtilities-Environment' in project 'GoogleUtilities'
        ➜ Explicit dependency on target 'GoogleUtilities-Logger' in project 'GoogleUtilities'
    Target 'GoogleUtilities-UserDefaults' in project 'GoogleUtilities'
        ➜ Explicit dependency on target 'GoogleUtilities_GoogleUtilities-UserDefaults' in project 'GoogleUtilities'
        ➜ Explicit dependency on target 'third-party-IsAppEncrypted' in project 'GoogleUtilities'
        ➜ Explicit dependency on target 'GoogleUtilities-Environment' in project 'GoogleUtilities'
        ➜ Explicit dependency on target 'GoogleUtilities-Logger' in project 'GoogleUtilities'
    Target 'GoogleUtilities-Logger' in project 'GoogleUtilities'
        ➜ Explicit dependency on target 'GoogleUtilities_GoogleUtilities-Logger' in project 'GoogleUtilities'
        ➜ Explicit dependency on target 'third-party-IsAppEncrypted' in project 'GoogleUtilities'
        ➜ Explicit dependency on target 'GoogleUtilities-Environment' in project 'GoogleUtilities'
    Target 'GoogleUtilities_GoogleUtilities-Logger' in project 'GoogleUtilities' (no dependencies)
    Target 'GoogleUtilities_GoogleUtilities-UserDefaults' in project 'GoogleUtilities' (no dependencies)
    Target 'GULEnvironment' in project 'GoogleUtilities'
        ➜ Explicit dependency on target 'GoogleUtilities-Environment' in project 'GoogleUtilities'
        ➜ Explicit dependency on target 'GoogleUtilities_GoogleUtilities-Environment' in project 'GoogleUtilities'
        ➜ Explicit dependency on target 'third-party-IsAppEncrypted' in project 'GoogleUtilities'
    Target 'GoogleUtilities-Environment' in project 'GoogleUtilities'
        ➜ Explicit dependency on target 'GoogleUtilities_GoogleUtilities-Environment' in project 'GoogleUtilities'
        ➜ Explicit dependency on target 'third-party-IsAppEncrypted' in project 'GoogleUtilities'
    Target 'third-party-IsAppEncrypted' in project 'GoogleUtilities' (no dependencies)
    Target 'GoogleUtilities_GoogleUtilities-Environment' in project 'GoogleUtilities' (no dependencies)
    Target 'FBLPromises' in project 'Promises'
        ➜ Explicit dependency on target 'FBLPromises' in project 'Promises'
        ➜ Explicit dependency on target 'Promises_FBLPromises' in project 'Promises'
    Target 'FBLPromises' in project 'Promises'
        ➜ Explicit dependency on target 'Promises_FBLPromises' in project 'Promises'
    Target 'Promises_FBLPromises' in project 'Promises' (no dependencies)
    Target 'AppAuthCore' in project 'AppAuth'
        ➜ Explicit dependency on target 'AppAuthCore' in project 'AppAuth'
        ➜ Explicit dependency on target 'AppAuth_AppAuthCore' in project 'AppAuth'
    Target 'AppAuth' in project 'AppAuth'
        ➜ Explicit dependency on target 'AppAuth' in project 'AppAuth'
        ➜ Explicit dependency on target 'AppAuth_AppAuth' in project 'AppAuth'
        ➜ Explicit dependency on target 'AppAuthCore' in project 'AppAuth'
    Target 'AppAuth' in project 'AppAuth'
        ➜ Explicit dependency on target 'AppAuth_AppAuth' in project 'AppAuth'
        ➜ Explicit dependency on target 'AppAuthCore' in project 'AppAuth'
    Target 'AppAuthCore' in project 'AppAuth'
        ➜ Explicit dependency on target 'AppAuth_AppAuthCore' in project 'AppAuth'
    Target 'AppAuth_AppAuthCore' in project 'AppAuth' (no dependencies)
    Target 'AppAuth_AppAuth' in project 'AppAuth' (no dependencies)
    Target 'GoogleSignIn_GoogleSignIn' in project 'GoogleSignIn' (no dependencies)
    Target 'GoogleSignIn_GoogleSignInSwift' in project 'GoogleSignIn' (no dependencies)

GatherProvisioningInputs

CreateBuildDescription

ExecuteExternalTool /Applications/Xcode.app/Contents/Developer/Toolchains/XcodeDefault.xctoolchain/usr/bin/clang -v -E -dM -arch arm64 -isysroot /Applications/Xcode.app/Contents/Developer/Platforms/iPhoneSimulator.platform/Developer/SDKs/iPhoneSimulator26.1.sdk -x objective-c -c /dev/null

ExecuteExternalTool /Applications/Xcode.app/Contents/Developer/Toolchains/XcodeDefault.xctoolchain/usr/bin/swiftc --version

ExecuteExternalTool /Applications/Xcode.app/Contents/Developer/Toolchains/XcodeDefault.xctoolchain/usr/bin/clang -v -E -dM -isysroot /Applications/Xcode.app/Contents/Developer/Platforms/iPhoneSimulator.platform/Developer/SDKs/iPhoneSimulator26.1.sdk -x c -c /dev/null

ExecuteExternalTool /Applications/Xcode.app/Contents/Developer/Toolchains/XcodeDefault.xctoolchain/usr/bin/clang -v -E -dM -arch arm64 -isysroot /Applications/Xcode.app/Contents/Developer/Platforms/iPhoneSimulator.platform/Developer/SDKs/iPhoneSimulator26.1.sdk -x c -c /dev/null

ExecuteExternalTool /Applications/Xcode.app/Contents/Developer/usr/bin/actool --print-asset-tag-combinations --output-format xml1 /Users/iamvishal16/Vishal/Projects/iOS/IngrediCheckIOS1/IngrediCheck-iOS/IngrediCheck/Assets.xcassets

ExecuteExternalTool /Applications/Xcode.app/Contents/Developer/usr/bin/actool --version --output-format xml1

ExecuteExternalTool /Applications/Xcode.app/Contents/Developer/Toolchains/XcodeDefault.xctoolchain/usr/bin/ld -version_details

ReadFileContents /Applications/Xcode.app/Contents/Developer/Toolchains/XcodeDefault.xctoolchain/usr/share/docc/features.json

Build description signature: 9d434ba2fc263156d011a798f179a41b
Build description path: /Users/iamvishal16/Library/Developer/Xcode/DerivedData/IngrediCheck-ezcqhqexpubhfkcpriqcvmqgpqkm/Build/Intermediates.noindex/XCBuildData/9d434ba2fc263156d011a798f179a41b.xcbuilddata
ClangStatCache /Applications/Xcode.app/Contents/Developer/Toolchains/XcodeDefault.xctoolchain/usr/bin/clang-stat-cache /Applications/Xcode.app/Contents/Developer/Platforms/iPhoneSimulator.platform/Developer/SDKs/iPhoneSimulator26.1.sdk /Users/iamvishal16/Library/Developer/Xcode/DerivedData/SDKStatCaches.noindex/iphonesimulator26.1-23B77-90cf18a4295e390e64c810bc6bd7acbc.sdkstatcache
    cd /Users/iamvishal16/Vishal/Projects/iOS/IngrediCheckIOS1/IngrediCheck-iOS
    /Applications/Xcode.app/Contents/Developer/Toolchains/XcodeDefault.xctoolchain/usr/bin/clang-stat-cache /Applications/Xcode.app/Contents/Developer/Platforms/iPhoneSimulator.platform/Developer/SDKs/iPhoneSimulator26.1.sdk -o /Users/iamvishal16/Library/Developer/Xcode/DerivedData/SDKStatCaches.noindex/iphonesimulator26.1-23B77-90cf18a4295e390e64c810bc6bd7acbc.sdkstatcache

ProcessInfoPlistFile /Users/iamvishal16/Library/Developer/Xcode/DerivedData/IngrediCheck-ezcqhqexpubhfkcpriqcvmqgpqkm/Build/Products/Debug-iphonesimulator/swift-crypto_Crypto.bundle/Info.plist /Users/iamvishal16/Library/Developer/Xcode/DerivedData/IngrediCheck-ezcqhqexpubhfkcpriqcvmqgpqkm/Build/Intermediates.noindex/swift-crypto.build/Debug-iphonesimulator/swift-crypto_Crypto.build/empty-swift-crypto_Crypto.plist (in target 'swift-crypto_Crypto' from project 'swift-crypto')
    cd /Users/iamvishal16/Library/Developer/Xcode/DerivedData/IngrediCheck-ezcqhqexpubhfkcpriqcvmqgpqkm/SourcePackages/checkouts/swift-crypto
    builtin-infoPlistUtility /Users/iamvishal16/Library/Developer/Xcode/DerivedData/IngrediCheck-ezcqhqexpubhfkcpriqcvmqgpqkm/Build/Intermediates.noindex/swift-crypto.build/Debug-iphonesimulator/swift-crypto_Crypto.build/empty-swift-crypto_Crypto.plist -producttype com.apple.product-type.bundle -expandbuildsettings -format binary -platform iphonesimulator -o /Users/iamvishal16/Library/Developer/Xcode/DerivedData/IngrediCheck-ezcqhqexpubhfkcpriqcvmqgpqkm/Build/Products/Debug-iphonesimulator/swift-crypto_Crypto.bundle/Info.plist

ProcessInfoPlistFile /Users/iamvishal16/Library/Developer/Xcode/DerivedData/IngrediCheck-ezcqhqexpubhfkcpriqcvmqgpqkm/Build/Products/Debug-iphonesimulator/GoogleUtilities_GoogleUtilities-UserDefaults.bundle/Info.plist /Users/iamvishal16/Library/Developer/Xcode/DerivedData/IngrediCheck-ezcqhqexpubhfkcpriqcvmqgpqkm/Build/Intermediates.noindex/GoogleUtilities.build/Debug-iphonesimulator/GoogleUtilities_GoogleUtilities-UserDefaults.build/empty-GoogleUtilities_GoogleUtilities-UserDefaults.plist (in target 'GoogleUtilities_GoogleUtilities-UserDefaults' from project 'GoogleUtilities')
    cd /Users/iamvishal16/Library/Developer/Xcode/DerivedData/IngrediCheck-ezcqhqexpubhfkcpriqcvmqgpqkm/SourcePackages/checkouts/GoogleUtilities
    builtin-infoPlistUtility /Users/iamvishal16/Library/Developer/Xcode/DerivedData/IngrediCheck-ezcqhqexpubhfkcpriqcvmqgpqkm/Build/Intermediates.noindex/GoogleUtilities.build/Debug-iphonesimulator/GoogleUtilities_GoogleUtilities-UserDefaults.build/empty-GoogleUtilities_GoogleUtilities-UserDefaults.plist -producttype com.apple.product-type.bundle -expandbuildsettings -format binary -platform iphonesimulator -o /Users/iamvishal16/Library/Developer/Xcode/DerivedData/IngrediCheck-ezcqhqexpubhfkcpriqcvmqgpqkm/Build/Products/Debug-iphonesimulator/GoogleUtilities_GoogleUtilities-UserDefaults.bundle/Info.plist

ProcessInfoPlistFile /Users/iamvishal16/Library/Developer/Xcode/DerivedData/IngrediCheck-ezcqhqexpubhfkcpriqcvmqgpqkm/Build/Products/Debug-iphonesimulator/Promises_FBLPromises.bundle/Info.plist /Users/iamvishal16/Library/Developer/Xcode/DerivedData/IngrediCheck-ezcqhqexpubhfkcpriqcvmqgpqkm/Build/Intermediates.noindex/Promises.build/Debug-iphonesimulator/Promises_FBLPromises.build/empty-Promises_FBLPromises.plist (in target 'Promises_FBLPromises' from project 'Promises')
    cd /Users/iamvishal16/Library/Developer/Xcode/DerivedData/IngrediCheck-ezcqhqexpubhfkcpriqcvmqgpqkm/SourcePackages/checkouts/promises
    builtin-infoPlistUtility /Users/iamvishal16/Library/Developer/Xcode/DerivedData/IngrediCheck-ezcqhqexpubhfkcpriqcvmqgpqkm/Build/Intermediates.noindex/Promises.build/Debug-iphonesimulator/Promises_FBLPromises.build/empty-Promises_FBLPromises.plist -producttype com.apple.product-type.bundle -expandbuildsettings -format binary -platform iphonesimulator -o /Users/iamvishal16/Library/Developer/Xcode/DerivedData/IngrediCheck-ezcqhqexpubhfkcpriqcvmqgpqkm/Build/Products/Debug-iphonesimulator/Promises_FBLPromises.bundle/Info.plist

ProcessInfoPlistFile /Users/iamvishal16/Library/Developer/Xcode/DerivedData/IngrediCheck-ezcqhqexpubhfkcpriqcvmqgpqkm/Build/Products/Debug-iphonesimulator/PostHog_PostHog.bundle/Info.plist /Users/iamvishal16/Library/Developer/Xcode/DerivedData/IngrediCheck-ezcqhqexpubhfkcpriqcvmqgpqkm/Build/Intermediates.noindex/PostHog.build/Debug-iphonesimulator/PostHog_PostHog.build/empty-PostHog_PostHog.plist (in target 'PostHog_PostHog' from project 'PostHog')
    cd /Users/iamvishal16/Library/Developer/Xcode/DerivedData/IngrediCheck-ezcqhqexpubhfkcpriqcvmqgpqkm/SourcePackages/checkouts/posthog-ios
    builtin-infoPlistUtility /Users/iamvishal16/Library/Developer/Xcode/DerivedData/IngrediCheck-ezcqhqexpubhfkcpriqcvmqgpqkm/Build/Intermediates.noindex/PostHog.build/Debug-iphonesimulator/PostHog_PostHog.build/empty-PostHog_PostHog.plist -producttype com.apple.product-type.bundle -expandbuildsettings -format binary -platform iphonesimulator -o /Users/iamvishal16/Library/Developer/Xcode/DerivedData/IngrediCheck-ezcqhqexpubhfkcpriqcvmqgpqkm/Build/Products/Debug-iphonesimulator/PostHog_PostHog.bundle/Info.plist

ProcessInfoPlistFile /Users/iamvishal16/Library/Developer/Xcode/DerivedData/IngrediCheck-ezcqhqexpubhfkcpriqcvmqgpqkm/Build/Products/Debug-iphonesimulator/GoogleUtilities_GoogleUtilities-Environment.bundle/Info.plist /Users/iamvishal16/Library/Developer/Xcode/DerivedData/IngrediCheck-ezcqhqexpubhfkcpriqcvmqgpqkm/Build/Intermediates.noindex/GoogleUtilities.build/Debug-iphonesimulator/GoogleUtilities_GoogleUtilities-Environment.build/empty-GoogleUtilities_GoogleUtilities-Environment.plist (in target 'GoogleUtilities_GoogleUtilities-Environment' from project 'GoogleUtilities')
    cd /Users/iamvishal16/Library/Developer/Xcode/DerivedData/IngrediCheck-ezcqhqexpubhfkcpriqcvmqgpqkm/SourcePackages/checkouts/GoogleUtilities
    builtin-infoPlistUtility /Users/iamvishal16/Library/Developer/Xcode/DerivedData/IngrediCheck-ezcqhqexpubhfkcpriqcvmqgpqkm/Build/Intermediates.noindex/GoogleUtilities.build/Debug-iphonesimulator/GoogleUtilities_GoogleUtilities-Environment.build/empty-GoogleUtilities_GoogleUtilities-Environment.plist -producttype com.apple.product-type.bundle -expandbuildsettings -format binary -platform iphonesimulator -o /Users/iamvishal16/Library/Developer/Xcode/DerivedData/IngrediCheck-ezcqhqexpubhfkcpriqcvmqgpqkm/Build/Products/Debug-iphonesimulator/GoogleUtilities_GoogleUtilities-Environment.bundle/Info.plist

ProcessInfoPlistFile /Users/iamvishal16/Library/Developer/Xcode/DerivedData/IngrediCheck-ezcqhqexpubhfkcpriqcvmqgpqkm/Build/Products/Debug-iphonesimulator/GoogleSignIn_GoogleSignInSwift.bundle/Info.plist /Users/iamvishal16/Library/Developer/Xcode/DerivedData/IngrediCheck-ezcqhqexpubhfkcpriqcvmqgpqkm/Build/Intermediates.noindex/GoogleSignIn.build/Debug-iphonesimulator/GoogleSignIn_GoogleSignInSwift.build/empty-GoogleSignIn_GoogleSignInSwift.plist (in target 'GoogleSignIn_GoogleSignInSwift' from project 'GoogleSignIn')
    cd /Users/iamvishal16/Library/Developer/Xcode/DerivedData/IngrediCheck-ezcqhqexpubhfkcpriqcvmqgpqkm/SourcePackages/checkouts/GoogleSignIn-iOS
    builtin-infoPlistUtility /Users/iamvishal16/Library/Developer/Xcode/DerivedData/IngrediCheck-ezcqhqexpubhfkcpriqcvmqgpqkm/Build/Intermediates.noindex/GoogleSignIn.build/Debug-iphonesimulator/GoogleSignIn_GoogleSignInSwift.build/empty-GoogleSignIn_GoogleSignInSwift.plist -producttype com.apple.product-type.bundle -expandbuildsettings -format binary -platform iphonesimulator -o /Users/iamvishal16/Library/Developer/Xcode/DerivedData/IngrediCheck-ezcqhqexpubhfkcpriqcvmqgpqkm/Build/Products/Debug-iphonesimulator/GoogleSignIn_GoogleSignInSwift.bundle/Info.plist

ProcessInfoPlistFile /Users/iamvishal16/Library/Developer/Xcode/DerivedData/IngrediCheck-ezcqhqexpubhfkcpriqcvmqgpqkm/Build/Products/Debug-iphonesimulator/GoogleSignIn_GoogleSignIn.bundle/Info.plist /Users/iamvishal16/Library/Developer/Xcode/DerivedData/IngrediCheck-ezcqhqexpubhfkcpriqcvmqgpqkm/Build/Intermediates.noindex/GoogleSignIn.build/Debug-iphonesimulator/GoogleSignIn_GoogleSignIn.build/empty-GoogleSignIn_GoogleSignIn.plist (in target 'GoogleSignIn_GoogleSignIn' from project 'GoogleSignIn')
    cd /Users/iamvishal16/Library/Developer/Xcode/DerivedData/IngrediCheck-ezcqhqexpubhfkcpriqcvmqgpqkm/SourcePackages/checkouts/GoogleSignIn-iOS
    builtin-infoPlistUtility /Users/iamvishal16/Library/Developer/Xcode/DerivedData/IngrediCheck-ezcqhqexpubhfkcpriqcvmqgpqkm/Build/Intermediates.noindex/GoogleSignIn.build/Debug-iphonesimulator/GoogleSignIn_GoogleSignIn.build/empty-GoogleSignIn_GoogleSignIn.plist -producttype com.apple.product-type.bundle -expandbuildsettings -format binary -platform iphonesimulator -o /Users/iamvishal16/Library/Developer/Xcode/DerivedData/IngrediCheck-ezcqhqexpubhfkcpriqcvmqgpqkm/Build/Products/Debug-iphonesimulator/GoogleSignIn_GoogleSignIn.bundle/Info.plist

ProcessInfoPlistFile /Users/iamvishal16/Library/Developer/Xcode/DerivedData/IngrediCheck-ezcqhqexpubhfkcpriqcvmqgpqkm/Build/Products/Debug-iphonesimulator/GoogleUtilities_GoogleUtilities-Logger.bundle/Info.plist /Users/iamvishal16/Library/Developer/Xcode/DerivedData/IngrediCheck-ezcqhqexpubhfkcpriqcvmqgpqkm/Build/Intermediates.noindex/GoogleUtilities.build/Debug-iphonesimulator/GoogleUtilities_GoogleUtilities-Logger.build/empty-GoogleUtilities_GoogleUtilities-Logger.plist (in target 'GoogleUtilities_GoogleUtilities-Logger' from project 'GoogleUtilities')
    cd /Users/iamvishal16/Library/Developer/Xcode/DerivedData/IngrediCheck-ezcqhqexpubhfkcpriqcvmqgpqkm/SourcePackages/checkouts/GoogleUtilities
    builtin-infoPlistUtility /Users/iamvishal16/Library/Developer/Xcode/DerivedData/IngrediCheck-ezcqhqexpubhfkcpriqcvmqgpqkm/Build/Intermediates.noindex/GoogleUtilities.build/Debug-iphonesimulator/GoogleUtilities_GoogleUtilities-Logger.build/empty-GoogleUtilities_GoogleUtilities-Logger.plist -producttype com.apple.product-type.bundle -expandbuildsettings -format binary -platform iphonesimulator -o /Users/iamvishal16/Library/Developer/Xcode/DerivedData/IngrediCheck-ezcqhqexpubhfkcpriqcvmqgpqkm/Build/Products/Debug-iphonesimulator/GoogleUtilities_GoogleUtilities-Logger.bundle/Info.plist

ProcessInfoPlistFile /Users/iamvishal16/Library/Developer/Xcode/DerivedData/IngrediCheck-ezcqhqexpubhfkcpriqcvmqgpqkm/Build/Products/Debug-iphonesimulator/GTMSessionFetcher_GTMSessionFetcherCore.bundle/Info.plist /Users/iamvishal16/Library/Developer/Xcode/DerivedData/IngrediCheck-ezcqhqexpubhfkcpriqcvmqgpqkm/Build/Intermediates.noindex/GTMSessionFetcher.build/Debug-iphonesimulator/GTMSessionFetcher_GTMSessionFetcherCore.build/empty-GTMSessionFetcher_GTMSessionFetcherCore.plist (in target 'GTMSessionFetcher_GTMSessionFetcherCore' from project 'GTMSessionFetcher')
    cd /Users/iamvishal16/Library/Developer/Xcode/DerivedData/IngrediCheck-ezcqhqexpubhfkcpriqcvmqgpqkm/SourcePackages/checkouts/gtm-session-fetcher
    builtin-infoPlistUtility /Users/iamvishal16/Library/Developer/Xcode/DerivedData/IngrediCheck-ezcqhqexpubhfkcpriqcvmqgpqkm/Build/Intermediates.noindex/GTMSessionFetcher.build/Debug-iphonesimulator/GTMSessionFetcher_GTMSessionFetcherCore.build/empty-GTMSessionFetcher_GTMSessionFetcherCore.plist -producttype com.apple.product-type.bundle -expandbuildsettings -format binary -platform iphonesimulator -o /Users/iamvishal16/Library/Developer/Xcode/DerivedData/IngrediCheck-ezcqhqexpubhfkcpriqcvmqgpqkm/Build/Products/Debug-iphonesimulator/GTMSessionFetcher_GTMSessionFetcherCore.bundle/Info.plist

ProcessInfoPlistFile /Users/iamvishal16/Library/Developer/Xcode/DerivedData/IngrediCheck-ezcqhqexpubhfkcpriqcvmqgpqkm/Build/Products/Debug-iphonesimulator/GTMAppAuth_GTMAppAuth.bundle/Info.plist /Users/iamvishal16/Library/Developer/Xcode/DerivedData/IngrediCheck-ezcqhqexpubhfkcpriqcvmqgpqkm/Build/Intermediates.noindex/GTMAppAuth.build/Debug-iphonesimulator/GTMAppAuth_GTMAppAuth.build/empty-GTMAppAuth_GTMAppAuth.plist (in target 'GTMAppAuth_GTMAppAuth' from project 'GTMAppAuth')
    cd /Users/iamvishal16/Library/Developer/Xcode/DerivedData/IngrediCheck-ezcqhqexpubhfkcpriqcvmqgpqkm/SourcePackages/checkouts/GTMAppAuth
    builtin-infoPlistUtility /Users/iamvishal16/Library/Developer/Xcode/DerivedData/IngrediCheck-ezcqhqexpubhfkcpriqcvmqgpqkm/Build/Intermediates.noindex/GTMAppAuth.build/Debug-iphonesimulator/GTMAppAuth_GTMAppAuth.build/empty-GTMAppAuth_GTMAppAuth.plist -producttype com.apple.product-type.bundle -expandbuildsettings -format binary -platform iphonesimulator -o /Users/iamvishal16/Library/Developer/Xcode/DerivedData/IngrediCheck-ezcqhqexpubhfkcpriqcvmqgpqkm/Build/Products/Debug-iphonesimulator/GTMAppAuth_GTMAppAuth.bundle/Info.plist

ProcessInfoPlistFile /Users/iamvishal16/Library/Developer/Xcode/DerivedData/IngrediCheck-ezcqhqexpubhfkcpriqcvmqgpqkm/Build/Products/Debug-iphonesimulator/AppAuth_AppAuthCore.bundle/Info.plist /Users/iamvishal16/Library/Developer/Xcode/DerivedData/IngrediCheck-ezcqhqexpubhfkcpriqcvmqgpqkm/Build/Intermediates.noindex/AppAuth.build/Debug-iphonesimulator/AppAuth_AppAuthCore.build/empty-AppAuth_AppAuthCore.plist (in target 'AppAuth_AppAuthCore' from project 'AppAuth')
    cd /Users/iamvishal16/Library/Developer/Xcode/DerivedData/IngrediCheck-ezcqhqexpubhfkcpriqcvmqgpqkm/SourcePackages/checkouts/AppAuth-iOS
    builtin-infoPlistUtility /Users/iamvishal16/Library/Developer/Xcode/DerivedData/IngrediCheck-ezcqhqexpubhfkcpriqcvmqgpqkm/Build/Intermediates.noindex/AppAuth.build/Debug-iphonesimulator/AppAuth_AppAuthCore.build/empty-AppAuth_AppAuthCore.plist -producttype com.apple.product-type.bundle -expandbuildsettings -format binary -platform iphonesimulator -o /Users/iamvishal16/Library/Developer/Xcode/DerivedData/IngrediCheck-ezcqhqexpubhfkcpriqcvmqgpqkm/Build/Products/Debug-iphonesimulator/AppAuth_AppAuthCore.bundle/Info.plist

ProcessInfoPlistFile /Users/iamvishal16/Library/Developer/Xcode/DerivedData/IngrediCheck-ezcqhqexpubhfkcpriqcvmqgpqkm/Build/Products/Debug-iphonesimulator/AppAuth_AppAuth.bundle/Info.plist /Users/iamvishal16/Library/Developer/Xcode/DerivedData/IngrediCheck-ezcqhqexpubhfkcpriqcvmqgpqkm/Build/Intermediates.noindex/AppAuth.build/Debug-iphonesimulator/AppAuth_AppAuth.build/empty-AppAuth_AppAuth.plist (in target 'AppAuth_AppAuth' from project 'AppAuth')
    cd /Users/iamvishal16/Library/Developer/Xcode/DerivedData/IngrediCheck-ezcqhqexpubhfkcpriqcvmqgpqkm/SourcePackages/checkouts/AppAuth-iOS
    builtin-infoPlistUtility /Users/iamvishal16/Library/Developer/Xcode/DerivedData/IngrediCheck-ezcqhqexpubhfkcpriqcvmqgpqkm/Build/Intermediates.noindex/AppAuth.build/Debug-iphonesimulator/AppAuth_AppAuth.build/empty-AppAuth_AppAuth.plist -producttype com.apple.product-type.bundle -expandbuildsettings -format binary -platform iphonesimulator -o /Users/iamvishal16/Library/Developer/Xcode/DerivedData/IngrediCheck-ezcqhqexpubhfkcpriqcvmqgpqkm/Build/Products/Debug-iphonesimulator/AppAuth_AppAuth.bundle/Info.plist

ProcessProductPackaging /Users/iamvishal16/Vishal/Projects/iOS/IngrediCheckIOS1/IngrediCheck-iOS/IngrediCheck/IngrediCheck.entitlements /Users/iamvishal16/Library/Developer/Xcode/DerivedData/IngrediCheck-ezcqhqexpubhfkcpriqcvmqgpqkm/Build/Intermediates.noindex/IngrediCheck.build/Debug-iphonesimulator/IngrediCheck.build/IngrediCheck.app.xcent (in target 'IngrediCheck' from project 'IngrediCheck')
    cd /Users/iamvishal16/Vishal/Projects/iOS/IngrediCheckIOS1/IngrediCheck-iOS
    
    Entitlements:
    
    {
}
    
    builtin-productPackagingUtility /Users/iamvishal16/Vishal/Projects/iOS/IngrediCheckIOS1/IngrediCheck-iOS/IngrediCheck/IngrediCheck.entitlements -entitlements -format xml -o /Users/iamvishal16/Library/Developer/Xcode/DerivedData/IngrediCheck-ezcqhqexpubhfkcpriqcvmqgpqkm/Build/Intermediates.noindex/IngrediCheck.build/Debug-iphonesimulator/IngrediCheck.build/IngrediCheck.app.xcent

ProcessProductPackaging /Users/iamvishal16/Vishal/Projects/iOS/IngrediCheckIOS1/IngrediCheck-iOS/IngrediCheck/IngrediCheck.entitlements /Users/iamvishal16/Library/Developer/Xcode/DerivedData/IngrediCheck-ezcqhqexpubhfkcpriqcvmqgpqkm/Build/Intermediates.noindex/IngrediCheck.build/Debug-iphonesimulator/IngrediCheck.build/IngrediCheck.app-Simulated.xcent (in target 'IngrediCheck' from project 'IngrediCheck')
    cd /Users/iamvishal16/Vishal/Projects/iOS/IngrediCheckIOS1/IngrediCheck-iOS
    
    Entitlements:
    
    {
    "application-identifier" = "58MYNHGN72.llc.fungee.ingredicheck";
    "com.apple.developer.applesignin" =     (
        Default
    );
}
    
    builtin-productPackagingUtility /Users/iamvishal16/Vishal/Projects/iOS/IngrediCheckIOS1/IngrediCheck-iOS/IngrediCheck/IngrediCheck.entitlements -entitlements -format xml -o /Users/iamvishal16/Library/Developer/Xcode/DerivedData/IngrediCheck-ezcqhqexpubhfkcpriqcvmqgpqkm/Build/Intermediates.noindex/IngrediCheck.build/Debug-iphonesimulator/IngrediCheck.build/IngrediCheck.app-Simulated.xcent

ProcessProductPackagingDER /Users/iamvishal16/Library/Developer/Xcode/DerivedData/IngrediCheck-ezcqhqexpubhfkcpriqcvmqgpqkm/Build/Intermediates.noindex/IngrediCheck.build/Debug-iphonesimulator/IngrediCheck.build/IngrediCheck.app.xcent /Users/iamvishal16/Library/Developer/Xcode/DerivedData/IngrediCheck-ezcqhqexpubhfkcpriqcvmqgpqkm/Build/Intermediates.noindex/IngrediCheck.build/Debug-iphonesimulator/IngrediCheck.build/IngrediCheck.app.xcent.der (in target 'IngrediCheck' from project 'IngrediCheck')
    cd /Users/iamvishal16/Vishal/Projects/iOS/IngrediCheckIOS1/IngrediCheck-iOS
    /usr/bin/derq query -f xml -i /Users/iamvishal16/Library/Developer/Xcode/DerivedData/IngrediCheck-ezcqhqexpubhfkcpriqcvmqgpqkm/Build/Intermediates.noindex/IngrediCheck.build/Debug-iphonesimulator/IngrediCheck.build/IngrediCheck.app.xcent -o /Users/iamvishal16/Library/Developer/Xcode/DerivedData/IngrediCheck-ezcqhqexpubhfkcpriqcvmqgpqkm/Build/Intermediates.noindex/IngrediCheck.build/Debug-iphonesimulator/IngrediCheck.build/IngrediCheck.app.xcent.der --raw

ProcessProductPackagingDER /Users/iamvishal16/Library/Developer/Xcode/DerivedData/IngrediCheck-ezcqhqexpubhfkcpriqcvmqgpqkm/Build/Intermediates.noindex/IngrediCheck.build/Debug-iphonesimulator/IngrediCheck.build/IngrediCheck.app-Simulated.xcent /Users/iamvishal16/Library/Developer/Xcode/DerivedData/IngrediCheck-ezcqhqexpubhfkcpriqcvmqgpqkm/Build/Intermediates.noindex/IngrediCheck.build/Debug-iphonesimulator/IngrediCheck.build/IngrediCheck.app-Simulated.xcent.der (in target 'IngrediCheck' from project 'IngrediCheck')
    cd /Users/iamvishal16/Vishal/Projects/iOS/IngrediCheckIOS1/IngrediCheck-iOS
    /usr/bin/derq query -f xml -i /Users/iamvishal16/Library/Developer/Xcode/DerivedData/IngrediCheck-ezcqhqexpubhfkcpriqcvmqgpqkm/Build/Intermediates.noindex/IngrediCheck.build/Debug-iphonesimulator/IngrediCheck.build/IngrediCheck.app-Simulated.xcent -o /Users/iamvishal16/Library/Developer/Xcode/DerivedData/IngrediCheck-ezcqhqexpubhfkcpriqcvmqgpqkm/Build/Intermediates.noindex/IngrediCheck.build/Debug-iphonesimulator/IngrediCheck.build/IngrediCheck.app-Simulated.xcent.der --raw

SwiftDriver IngrediCheck normal arm64 com.apple.xcode.tools.swift.compiler (in target 'IngrediCheck' from project 'IngrediCheck')
    cd /Users/iamvishal16/Vishal/Projects/iOS/IngrediCheckIOS1/IngrediCheck-iOS
    builtin-SwiftDriver -- /Applications/Xcode.app/Contents/Developer/Toolchains/XcodeDefault.xctoolchain/usr/bin/swiftc -module-name IngrediCheck -Onone -enforce-exclusivity\=checked @/Users/iamvishal16/Library/Developer/Xcode/DerivedData/IngrediCheck-ezcqhqexpubhfkcpriqcvmqgpqkm/Build/Intermediates.noindex/IngrediCheck.build/Debug-iphonesimulator/IngrediCheck.build/Objects-normal/arm64/IngrediCheck.SwiftFileList -DDEBUG -Xcc -fmodule-map-file\=/Users/iamvishal16/Library/Developer/Xcode/DerivedData/IngrediCheck-ezcqhqexpubhfkcpriqcvmqgpqkm/Build/Intermediates.noindex/GeneratedModuleMaps-iphonesimulator/AppAuth.modulemap -Xcc -fmodule-map-file\=/Users/iamvishal16/Library/Developer/Xcode/DerivedData/IngrediCheck-ezcqhqexpubhfkcpriqcvmqgpqkm/Build/Intermediates.noindex/GeneratedModuleMaps-iphonesimulator/AppAuthCore.modulemap -Xcc -fmodule-map-file\=/Users/iamvishal16/Library/Developer/Xcode/DerivedData/IngrediCheck-ezcqhqexpubhfkcpriqcvmqgpqkm/Build/Intermediates.noindex/GeneratedModuleMaps-iphonesimulator/GoogleUtilities-Logger.modulemap -Xcc -fmodule-map-file\=/Users/iamvishal16/Library/Developer/Xcode/DerivedData/IngrediCheck-ezcqhqexpubhfkcpriqcvmqgpqkm/Build/Intermediates.noindex/GeneratedModuleMaps-iphonesimulator/GoogleUtilities-Environment.modulemap -Xcc -fmodule-map-file\=/Users/iamvishal16/Library/Developer/Xcode/DerivedData/IngrediCheck-ezcqhqexpubhfkcpriqcvmqgpqkm/Build/Intermediates.noindex/GeneratedModuleMaps-iphonesimulator/third-party-IsAppEncrypted.modulemap -Xcc -fmodule-map-file\=/Users/iamvishal16/Library/Developer/Xcode/DerivedData/IngrediCheck-ezcqhqexpubhfkcpriqcvmqgpqkm/Build/Intermediates.noindex/GeneratedModuleMaps-iphonesimulator/GoogleUtilities-UserDefaults.modulemap -Xcc -fmodule-map-file\=/Users/iamvishal16/Library/Developer/Xcode/DerivedData/IngrediCheck-ezcqhqexpubhfkcpriqcvmqgpqkm/Build/Intermediates.noindex/GeneratedModuleMaps-iphonesimulator/AppCheckCore.modulemap -Xcc -fmodule-map-file\=/Users/iamvishal16/Library/Developer/Xcode/DerivedData/IngrediCheck-ezcqhqexpubhfkcpriqcvmqgpqkm/Build/Intermediates.noindex/GeneratedModuleMaps-iphonesimulator/GTMSessionFetcherCore.modulemap -Xcc -fmodule-map-file\=/Users/iamvishal16/Library/Developer/Xcode/DerivedData/IngrediCheck-ezcqhqexpubhfkcpriqcvmqgpqkm/Build/Intermediates.noindex/GeneratedModuleMaps-iphonesimulator/GoogleSignIn.modulemap -Xcc -fmodule-map-file\=/Users/iamvishal16/Library/Developer/Xcode/DerivedData/IngrediCheck-ezcqhqexpubhfkcpriqcvmqgpqkm/Build/Intermediates.noindex/GeneratedModuleMaps-iphonesimulator/phlibwebp.modulemap -enable-bare-slash-regex -enable-experimental-feature DebugDescriptionMacro -sdk /Applications/Xcode.app/Contents/Developer/Platforms/iPhoneSimulator.platform/Developer/SDKs/iPhoneSimulator26.1.sdk -target arm64-apple-ios17.0-simulator -g -module-cache-path /Users/iamvishal16/Library/Developer/Xcode/DerivedData/ModuleCache.noindex -Xfrontend -serialize-debugging-options -enable-testing -index-store-path /Users/iamvishal16/Library/Developer/Xcode/DerivedData/IngrediCheck-ezcqhqexpubhfkcpriqcvmqgpqkm/Index.noindex/DataStore -Xcc -D_LIBCPP_HARDENING_MODE\=_LIBCPP_HARDENING_MODE_DEBUG -swift-version 5 -I /Users/iamvishal16/Library/Developer/Xcode/DerivedData/IngrediCheck-ezcqhqexpubhfkcpriqcvmqgpqkm/Build/Products/Debug-iphonesimulator -F /Users/iamvishal16/Library/Developer/Xcode/DerivedData/IngrediCheck-ezcqhqexpubhfkcpriqcvmqgpqkm/Build/Products/Debug-iphonesimulator/PackageFrameworks -F /Users/iamvishal16/Library/Developer/Xcode/DerivedData/IngrediCheck-ezcqhqexpubhfkcpriqcvmqgpqkm/Build/Products/Debug-iphonesimulator/PackageFrameworks -F /Users/iamvishal16/Library/Developer/Xcode/DerivedData/IngrediCheck-ezcqhqexpubhfkcpriqcvmqgpqkm/Build/Products/Debug-iphonesimulator/PackageFrameworks -F /Users/iamvishal16/Library/Developer/Xcode/DerivedData/IngrediCheck-ezcqhqexpubhfkcpriqcvmqgpqkm/Build/Products/Debug-iphonesimulator/PackageFrameworks -F /Users/iamvishal16/Library/Developer/Xcode/DerivedData/IngrediCheck-ezcqhqexpubhfkcpriqcvmqgpqkm/Build/Products/Debug-iphonesimulator/PackageFrameworks -F /Users/iamvishal16/Library/Developer/Xcode/DerivedData/IngrediCheck-ezcqhqexpubhfkcpriqcvmqgpqkm/Build/Products/Debug-iphonesimulator/PackageFrameworks -F /Users/iamvishal16/Library/Developer/Xcode/DerivedData/IngrediCheck-ezcqhqexpubhfkcpriqcvmqgpqkm/Build/Products/Debug-iphonesimulator/PackageFrameworks -F /Users/iamvishal16/Library/Developer/Xcode/DerivedData/IngrediCheck-ezcqhqexpubhfkcpriqcvmqgpqkm/Build/Products/Debug-iphonesimulator/PackageFrameworks -F /Users/iamvishal16/Library/Developer/Xcode/DerivedData/IngrediCheck-ezcqhqexpubhfkcpriqcvmqgpqkm/Build/Products/Debug-iphonesimulator/PackageFrameworks -F /Users/iamvishal16/Library/Developer/Xcode/DerivedData/IngrediCheck-ezcqhqexpubhfkcpriqcvmqgpqkm/Build/Products/Debug-iphonesimulator/PackageFrameworks -F /Users/iamvishal16/Library/Developer/Xcode/DerivedData/IngrediCheck-ezcqhqexpubhfkcpriqcvmqgpqkm/Build/Products/Debug-iphonesimulator/PackageFrameworks -F /Users/iamvishal16/Library/Developer/Xcode/DerivedData/IngrediCheck-ezcqhqexpubhfkcpriqcvmqgpqkm/Build/Products/Debug-iphonesimulator/PackageFrameworks -F /Users/iamvishal16/Library/Developer/Xcode/DerivedData/IngrediCheck-ezcqhqexpubhfkcpriqcvmqgpqkm/Build/Products/Debug-iphonesimulator/PackageFrameworks -F /Users/iamvishal16/Library/Developer/Xcode/DerivedData/IngrediCheck-ezcqhqexpubhfkcpriqcvmqgpqkm/Build/Products/Debug-iphonesimulator/PackageFrameworks -F /Users/iamvishal16/Library/Developer/Xcode/DerivedData/IngrediCheck-ezcqhqexpubhfkcpriqcvmqgpqkm/Build/Products/Debug-iphonesimulator/PackageFrameworks -F /Users/iamvishal16/Library/Developer/Xcode/DerivedData/IngrediCheck-ezcqhqexpubhfkcpriqcvmqgpqkm/Build/Products/Debug-iphonesimulator/PackageFrameworks -F /Users/iamvishal16/Library/Developer/Xcode/DerivedData/IngrediCheck-ezcqhqexpubhfkcpriqcvmqgpqkm/Build/Products/Debug-iphonesimulator/PackageFrameworks -F /Users/iamvishal16/Library/Developer/Xcode/DerivedData/IngrediCheck-ezcqhqexpubhfkcpriqcvmqgpqkm/Build/Products/Debug-iphonesimulator/PackageFrameworks -F /Users/iamvishal16/Library/Developer/Xcode/DerivedData/IngrediCheck-ezcqhqexpubhfkcpriqcvmqgpqkm/Build/Products/Debug-iphonesimulator/PackageFrameworks -F /Users/iamvishal16/Library/Developer/Xcode/DerivedData/IngrediCheck-ezcqhqexpubhfkcpriqcvmqgpqkm/Build/Products/Debug-iphonesimulator/PackageFrameworks -F /Users/iamvishal16/Library/Developer/Xcode/DerivedData/IngrediCheck-ezcqhqexpubhfkcpriqcvmqgpqkm/Build/Products/Debug-iphonesimulator/PackageFrameworks -F /Users/iamvishal16/Library/Developer/Xcode/DerivedData/IngrediCheck-ezcqhqexpubhfkcpriqcvmqgpqkm/Build/Products/Debug-iphonesimulator/PackageFrameworks -F /Users/iamvishal16/Library/Developer/Xcode/DerivedData/IngrediCheck-ezcqhqexpubhfkcpriqcvmqgpqkm/Build/Products/Debug-iphonesimulator/PackageFrameworks -F /Users/iamvishal16/Library/Developer/Xcode/DerivedData/IngrediCheck-ezcqhqexpubhfkcpriqcvmqgpqkm/Build/Products/Debug-iphonesimulator/PackageFrameworks -F /Users/iamvishal16/Library/Developer/Xcode/DerivedData/IngrediCheck-ezcqhqexpubhfkcpriqcvmqgpqkm/Build/Products/Debug-iphonesimulator/PackageFrameworks -F /Users/iamvishal16/Library/Developer/Xcode/DerivedData/IngrediCheck-ezcqhqexpubhfkcpriqcvmqgpqkm/Build/Products/Debug-iphonesimulator/PackageFrameworks -F /Users/iamvishal16/Library/Developer/Xcode/DerivedData/IngrediCheck-ezcqhqexpubhfkcpriqcvmqgpqkm/Build/Products/Debug-iphonesimulator/PackageFrameworks -F /Users/iamvishal16/Library/Developer/Xcode/DerivedData/IngrediCheck-ezcqhqexpubhfkcpriqcvmqgpqkm/Build/Products/Debug-iphonesimulator/PackageFrameworks -F /Users/iamvishal16/Library/Developer/Xcode/DerivedData/IngrediCheck-ezcqhqexpubhfkcpriqcvmqgpqkm/Build/Products/Debug-iphonesimulator/PackageFrameworks -F /Users/iamvishal16/Library/Developer/Xcode/DerivedData/IngrediCheck-ezcqhqexpubhfkcpriqcvmqgpqkm/Build/Products/Debug-iphonesimulator/PackageFrameworks -F /Users/iamvishal16/Library/Developer/Xcode/DerivedData/IngrediCheck-ezcqhqexpubhfkcpriqcvmqgpqkm/Build/Products/Debug-iphonesimulator/PackageFrameworks -F /Users/iamvishal16/Library/Developer/Xcode/DerivedData/IngrediCheck-ezcqhqexpubhfkcpriqcvmqgpqkm/Build/Products/Debug-iphonesimulator -emit-localized-strings -emit-localized-strings-path /Users/iamvishal16/Library/Developer/Xcode/DerivedData/IngrediCheck-ezcqhqexpubhfkcpriqcvmqgpqkm/Build/Intermediates.noindex/IngrediCheck.build/Debug-iphonesimulator/IngrediCheck.build/Objects-normal/arm64 -c -j8 -enable-batch-mode -incremental -Xcc -ivfsstatcache -Xcc /Users/iamvishal16/Library/Developer/Xcode/DerivedData/SDKStatCaches.noindex/iphonesimulator26.1-23B77-90cf18a4295e390e64c810bc6bd7acbc.sdkstatcache -output-file-map /Users/iamvishal16/Library/Developer/Xcode/DerivedData/IngrediCheck-ezcqhqexpubhfkcpriqcvmqgpqkm/Build/Intermediates.noindex/IngrediCheck.build/Debug-iphonesimulator/IngrediCheck.build/Objects-normal/arm64/IngrediCheck-OutputFileMap.json -use-frontend-parseable-output -save-temps -no-color-diagnostics -explicit-module-build -module-cache-path /Users/iamvishal16/Library/Developer/Xcode/DerivedData/IngrediCheck-ezcqhqexpubhfkcpriqcvmqgpqkm/Build/Intermediates.noindex/SwiftExplicitPrecompiledModules -clang-scanner-module-cache-path /Users/iamvishal16/Library/Developer/Xcode/DerivedData/ModuleCache.noindex -sdk-module-cache-path /Users/iamvishal16/Library/Developer/Xcode/DerivedData/ModuleCache.noindex -serialize-diagnostics -emit-dependencies -emit-module -emit-module-path /Users/iamvishal16/Library/Developer/Xcode/DerivedData/IngrediCheck-ezcqhqexpubhfkcpriqcvmqgpqkm/Build/Intermediates.noindex/IngrediCheck.build/Debug-iphonesimulator/IngrediCheck.build/Objects-normal/arm64/IngrediCheck.swiftmodule -validate-clang-modules-once -clang-build-session-file /Users/iamvishal16/Library/Developer/Xcode/DerivedData/ModuleCache.noindex/Session.modulevalidation -Xcc -I/Users/iamvishal16/Library/Developer/Xcode/DerivedData/IngrediCheck-ezcqhqexpubhfkcpriqcvmqgpqkm/Build/Intermediates.noindex/IngrediCheck.build/Debug-iphonesimulator/IngrediCheck.build/swift-overrides.hmap -emit-const-values -Xfrontend -const-gather-protocols-file -Xfrontend /Users/iamvishal16/Library/Developer/Xcode/DerivedData/IngrediCheck-ezcqhqexpubhfkcpriqcvmqgpqkm/Build/Intermediates.noindex/IngrediCheck.build/Debug-iphonesimulator/IngrediCheck.build/Objects-normal/arm64/IngrediCheck_const_extract_protocols.json -Xcc -iquote -Xcc /Users/iamvishal16/Library/Developer/Xcode/DerivedData/IngrediCheck-ezcqhqexpubhfkcpriqcvmqgpqkm/Build/Intermediates.noindex/IngrediCheck.build/Debug-iphonesimulator/IngrediCheck.build/IngrediCheck-generated-files.hmap -Xcc -I/Users/iamvishal16/Library/Developer/Xcode/DerivedData/IngrediCheck-ezcqhqexpubhfkcpriqcvmqgpqkm/Build/Intermediates.noindex/IngrediCheck.build/Debug-iphonesimulator/IngrediCheck.build/IngrediCheck-own-target-headers.hmap -Xcc -I/Users/iamvishal16/Library/Developer/Xcode/DerivedData/IngrediCheck-ezcqhqexpubhfkcpriqcvmqgpqkm/Build/Intermediates.noindex/IngrediCheck.build/Debug-iphonesimulator/IngrediCheck.build/IngrediCheck-all-non-framework-target-headers.hmap -Xcc -ivfsoverlay -Xcc /Users/iamvishal16/Library/Developer/Xcode/DerivedData/IngrediCheck-ezcqhqexpubhfkcpriqcvmqgpqkm/Build/Intermediates.noindex/IngrediCheck.build/Debug-iphonesimulator/IngrediCheck-edffdc75c0692daa3d493063d084cce4-VFS-iphonesimulator/all-product-headers.yaml -Xcc -iquote -Xcc /Users/iamvishal16/Library/Developer/Xcode/DerivedData/IngrediCheck-ezcqhqexpubhfkcpriqcvmqgpqkm/Build/Intermediates.noindex/IngrediCheck.build/Debug-iphonesimulator/IngrediCheck.build/IngrediCheck-project-headers.hmap -Xcc -I/Users/iamvishal16/Library/Developer/Xcode/DerivedData/IngrediCheck-ezcqhqexpubhfkcpriqcvmqgpqkm/SourcePackages/checkouts/AppAuth-iOS/Sources/AppAuth -Xcc -I/Users/iamvishal16/Library/Developer/Xcode/DerivedData/IngrediCheck-ezcqhqexpubhfkcpriqcvmqgpqkm/SourcePackages/checkouts/AppAuth-iOS/Sources/AppAuthCore -Xcc -I/Users/iamvishal16/Library/Developer/Xcode/DerivedData/IngrediCheck-ezcqhqexpubhfkcpriqcvmqgpqkm/SourcePackages/checkouts/promises/Sources/FBLPromises/include -Xcc -I/Users/iamvishal16/Library/Developer/Xcode/DerivedData/IngrediCheck-ezcqhqexpubhfkcpriqcvmqgpqkm/SourcePackages/checkouts/GoogleUtilities/GoogleUtilities/Logger/Public -Xcc -I/Users/iamvishal16/Library/Developer/Xcode/DerivedData/IngrediCheck-ezcqhqexpubhfkcpriqcvmqgpqkm/SourcePackages/checkouts/GoogleUtilities/GoogleUtilities/Environment/Public -Xcc -I/Users/iamvishal16/Library/Developer/Xcode/DerivedData/IngrediCheck-ezcqhqexpubhfkcpriqcvmqgpqkm/SourcePackages/checkouts/GoogleUtilities/third_party/IsAppEncrypted/Public -Xcc -I/Users/iamvishal16/Library/Developer/Xcode/DerivedData/IngrediCheck-ezcqhqexpubhfkcpriqcvmqgpqkm/SourcePackages/checkouts/GoogleUtilities/GoogleUtilities/UserDefaults/Public -Xcc -I/Users/iamvishal16/Library/Developer/Xcode/DerivedData/IngrediCheck-ezcqhqexpubhfkcpriqcvmqgpqkm/SourcePackages/checkouts/app-check/AppCheckCore/Sources/Public -Xcc -I/Users/iamvishal16/Library/Developer/Xcode/DerivedData/IngrediCheck-ezcqhqexpubhfkcpriqcvmqgpqkm/SourcePackages/checkouts/gtm-session-fetcher/Sources/Core/Public -Xcc -I/Users/iamvishal16/Library/Developer/Xcode/DerivedData/IngrediCheck-ezcqhqexpubhfkcpriqcvmqgpqkm/SourcePackages/checkouts/GoogleSignIn-iOS/GoogleSignIn/Sources/Public -Xcc -I/Users/iamvishal16/Library/Developer/Xcode/DerivedData/IngrediCheck-ezcqhqexpubhfkcpriqcvmqgpqkm/SourcePackages/checkouts/posthog-ios/vendor/libwebp -Xcc -I/Users/iamvishal16/Library/Developer/Xcode/DerivedData/IngrediCheck-ezcqhqexpubhfkcpriqcvmqgpqkm/Build/Products/Debug-iphonesimulator/include -Xcc -I/Users/iamvishal16/Library/Developer/Xcode/DerivedData/IngrediCheck-ezcqhqexpubhfkcpriqcvmqgpqkm/Build/Intermediates.noindex/IngrediCheck.build/Debug-iphonesimulator/IngrediCheck.build/DerivedSources-normal/arm64 -Xcc -I/Users/iamvishal16/Library/Developer/Xcode/DerivedData/IngrediCheck-ezcqhqexpubhfkcpriqcvmqgpqkm/Build/Intermediates.noindex/IngrediCheck.build/Debug-iphonesimulator/IngrediCheck.build/DerivedSources/arm64 -Xcc -I/Users/iamvishal16/Library/Developer/Xcode/DerivedData/IngrediCheck-ezcqhqexpubhfkcpriqcvmqgpqkm/Build/Intermediates.noindex/IngrediCheck.build/Debug-iphonesimulator/IngrediCheck.build/DerivedSources -Xcc -DDEBUG\=1 -emit-objc-header -emit-objc-header-path /Users/iamvishal16/Library/Developer/Xcode/DerivedData/IngrediCheck-ezcqhqexpubhfkcpriqcvmqgpqkm/Build/Intermediates.noindex/IngrediCheck.build/Debug-iphonesimulator/IngrediCheck.build/Objects-normal/arm64/IngrediCheck-Swift.h -working-directory /Users/iamvishal16/Vishal/Projects/iOS/IngrediCheckIOS1/IngrediCheck-iOS -experimental-emit-module-separately -disable-cmo

CompileAssetCatalogVariant thinned /Users/iamvishal16/Library/Developer/Xcode/DerivedData/IngrediCheck-ezcqhqexpubhfkcpriqcvmqgpqkm/Build/Products/Debug-iphonesimulator/IngrediCheck.app /Users/iamvishal16/Vishal/Projects/iOS/IngrediCheckIOS1/IngrediCheck-iOS/IngrediCheck/Assets.xcassets (in target 'IngrediCheck' from project 'IngrediCheck')
    cd /Users/iamvishal16/Vishal/Projects/iOS/IngrediCheckIOS1/IngrediCheck-iOS
    /Applications/Xcode.app/Contents/Developer/usr/bin/actool /Users/iamvishal16/Vishal/Projects/iOS/IngrediCheckIOS1/IngrediCheck-iOS/IngrediCheck/Assets.xcassets --compile /Users/iamvishal16/Library/Developer/Xcode/DerivedData/IngrediCheck-ezcqhqexpubhfkcpriqcvmqgpqkm/Build/Intermediates.noindex/IngrediCheck.build/Debug-iphonesimulator/IngrediCheck.build/assetcatalog_output/thinned --output-format human-readable-text --notices --warnings --export-dependency-info /Users/iamvishal16/Library/Developer/Xcode/DerivedData/IngrediCheck-ezcqhqexpubhfkcpriqcvmqgpqkm/Build/Intermediates.noindex/IngrediCheck.build/Debug-iphonesimulator/IngrediCheck.build/assetcatalog_dependencies_thinned --output-partial-info-plist /Users/iamvishal16/Library/Developer/Xcode/DerivedData/IngrediCheck-ezcqhqexpubhfkcpriqcvmqgpqkm/Build/Intermediates.noindex/IngrediCheck.build/Debug-iphonesimulator/IngrediCheck.build/assetcatalog_generated_info.plist_thinned --app-icon AppIcon --compress-pngs --enable-on-demand-resources YES --filter-for-thinning-device-configuration iPhone18,1 --filter-for-device-os-version 26.1 --development-region en --target-device iphone --minimum-deployment-target 17.0 --platform iphonesimulator

SwiftCompile normal arm64 Compiling\ IngredientsAlertCard.swift /Users/iamvishal16/Vishal/Projects/iOS/IngrediCheckIOS1/IngrediCheck-iOS/IngrediCheck/Views/ProductDetails/IngredientsAlertCard.swift (in target 'IngrediCheck' from project 'IngrediCheck')
SwiftCompile normal arm64 /Users/iamvishal16/Vishal/Projects/iOS/IngrediCheckIOS1/IngrediCheck-iOS/IngrediCheck/Views/ProductDetails/IngredientsAlertCard.swift (in target 'IngrediCheck' from project 'IngrediCheck')
    cd /Users/iamvishal16/Vishal/Projects/iOS/IngrediCheckIOS1/IngrediCheck-iOS
    

SwiftCompile normal arm64 Compiling\ ProductDetailView.swift /Users/iamvishal16/Vishal/Projects/iOS/IngrediCheckIOS1/IngrediCheck-iOS/IngrediCheck/Views/ProductDetails/ProductDetailView.swift (in target 'IngrediCheck' from project 'IngrediCheck')
SwiftCompile normal arm64 /Users/iamvishal16/Vishal/Projects/iOS/IngrediCheckIOS1/IngrediCheck-iOS/IngrediCheck/Views/ProductDetails/ProductDetailView.swift (in target 'IngrediCheck' from project 'IngrediCheck')
    cd /Users/iamvishal16/Vishal/Projects/iOS/IngrediCheckIOS1/IngrediCheck-iOS
    

SwiftCompile normal arm64 Compiling\ WebService.swift /Users/iamvishal16/Vishal/Projects/iOS/IngrediCheckIOS1/IngrediCheck-iOS/IngrediCheck/WebService.swift (in target 'IngrediCheck' from project 'IngrediCheck')
Failed frontend command:
/Applications/Xcode.app/Contents/Developer/Toolchains/XcodeDefault.xctoolchain/usr/bin/swift-frontend -frontend -c -filelist /Users/iamvishal16/Library/Developer/Xcode/DerivedData/IngrediCheck-ezcqhqexpubhfkcpriqcvmqgpqkm/Build/Intermediates.noindex/IngrediCheck.build/Debug-iphonesimulator/IngrediCheck.build/Objects-normal/arm64/sources-1 -primary-file /Users/iamvishal16/Vishal/Projects/iOS/IngrediCheckIOS1/IngrediCheck-iOS/IngrediCheck/WebService.swift -emit-dependencies-path /Users/iamvishal16/Library/Developer/Xcode/DerivedData/IngrediCheck-ezcqhqexpubhfkcpriqcvmqgpqkm/Build/Intermediates.noindex/IngrediCheck.build/Debug-iphonesimulator/IngrediCheck.build/Objects-normal/arm64/WebService.d -emit-const-values-path /Users/iamvishal16/Library/Developer/Xcode/DerivedData/IngrediCheck-ezcqhqexpubhfkcpriqcvmqgpqkm/Build/Intermediates.noindex/IngrediCheck.build/Debug-iphonesimulator/IngrediCheck.build/Objects-normal/arm64/WebService.swiftconstvalues -emit-reference-dependencies-path /Users/iamvishal16/Library/Developer/Xcode/DerivedData/IngrediCheck-ezcqhqexpubhfkcpriqcvmqgpqkm/Build/Intermediates.noindex/IngrediCheck.build/Debug-iphonesimulator/IngrediCheck.build/Objects-normal/arm64/WebService.swiftdeps -serialize-diagnostics-path /Users/iamvishal16/Library/Developer/Xcode/DerivedData/IngrediCheck-ezcqhqexpubhfkcpriqcvmqgpqkm/Build/Intermediates.noindex/IngrediCheck.build/Debug-iphonesimulator/IngrediCheck.build/Objects-normal/arm64/WebService.dia -emit-localized-strings -emit-localized-strings-path /Users/iamvishal16/Library/Developer/Xcode/DerivedData/IngrediCheck-ezcqhqexpubhfkcpriqcvmqgpqkm/Build/Intermediates.noindex/IngrediCheck.build/Debug-iphonesimulator/IngrediCheck.build/Objects-normal/arm64 -target arm64-apple-ios17.0-simulator -module-can-import-version DeveloperToolsSupport 23.0.4 23.0.4 -module-can-import-version SwiftUI 7.1.13.1 7.1.13 -module-can-import-version UIKit 9126.1.12.1 9126.1.12 -disable-cross-import-overlay-search -swift-module-cross-import AVKit /Applications/Xcode.app/Contents/Developer/Platforms/iPhoneSimulator.platform/Developer/SDKs/iPhoneSimulator.sdk/System/Library/Frameworks/AVKit.framework/Modules/AVKit.swiftcrossimport/SwiftUI.swiftoverlay -swift-module-cross-import AVKit /Applications/Xcode.app/Contents/Developer/Platforms/iPhoneSimulator.platform/Developer/SDKs/iPhoneSimulator26.1.sdk/System/Library/Frameworks/AVKit.framework/Modules/AVKit.swiftcrossimport/SwiftUI.swiftoverlay -swift-module-cross-import AuthenticationServices /Applications/Xcode.app/Contents/Developer/Platforms/iPhoneSimulator.platform/Developer/SDKs/iPhoneSimulator.sdk/System/Cryptexes/OS/System/Library/Frameworks/AuthenticationServices.framework/Modules/AuthenticationServices.swiftcrossimport/SwiftUI.swiftoverlay -swift-module-cross-import AuthenticationServices /Applications/Xcode.app/Contents/Developer/Platforms/iPhoneSimulator.platform/Developer/SDKs/iPhoneSimulator26.1.sdk/System/Library/Frameworks/AuthenticationServices.framework/Modules/AuthenticationServices.swiftcrossimport/SwiftUI.swiftoverlay -swift-module-cross-import PhotosUI /Applications/Xcode.app/Contents/Developer/Platforms/iPhoneSimulator.platform/Developer/SDKs/iPhoneSimulator.sdk/System/Library/Frameworks/PhotosUI.framework/Modules/PhotosUI.swiftcrossimport/SwiftUI.swiftoverlay -swift-module-cross-import PhotosUI /Applications/Xcode.app/Contents/Developer/Platforms/iPhoneSimulator.platform/Developer/SDKs/iPhoneSimulator.sdk/System/Library/Frameworks/PhotosUI.framework/Modules/PhotosUI.swiftcrossimport/WidgetKit.swiftoverlay -swift-module-cross-import PhotosUI /Applications/Xcode.app/Contents/Developer/Platforms/iPhoneSimulator.platform/Developer/SDKs/iPhoneSimulator26.1.sdk/System/Library/Frameworks/PhotosUI.framework/Modules/PhotosUI.swiftcrossimport/SwiftUI.swiftoverlay -swift-module-cross-import PhotosUI /Applications/Xcode.app/Contents/Developer/Platforms/iPhoneSimulator.platform/Developer/SDKs/iPhoneSimulator26.1.sdk/System/Library/Frameworks/PhotosUI.framework/Modules/PhotosUI.swiftcrossimport/WidgetKit.swiftoverlay -swift-module-cross-import StoreKit /Applications/Xcode.app/Contents/Developer/Platforms/iPhoneSimulator.platform/Developer/SDKs/iPhoneSimulator.sdk/System/Library/Frameworks/StoreKit.framework/Modules/StoreKit.swiftcrossimport/SwiftUI.swiftoverlay -swift-module-cross-import StoreKit /Applications/Xcode.app/Contents/Developer/Platforms/iPhoneSimulator.platform/Developer/SDKs/iPhoneSimulator26.1.sdk/System/Library/Frameworks/StoreKit.framework/Modules/StoreKit.swiftcrossimport/SwiftUI.swiftoverlay -swift-module-cross-import WebKit /Applications/Xcode.app/Contents/Developer/Platforms/iPhoneSimulator.platform/Developer/SDKs/iPhoneSimulator.sdk/System/Cryptexes/OS/System/Library/Frameworks/WebKit.framework/Modules/WebKit.swiftcrossimport/SwiftUI.swiftoverlay -swift-module-cross-import WebKit /Applications/Xcode.app/Contents/Developer/Platforms/iPhoneSimulator.platform/Developer/SDKs/iPhoneSimulator26.1.sdk/System/Library/Frameworks/WebKit.framework/Modules/WebKit.swiftcrossimport/SwiftUI.swiftoverlay -load-resolved-plugin /Applications/Xcode.app/Contents/Developer/Platforms/iPhoneOS.platform/Developer/usr/lib/swift/host/plugins/libFoundationMacros.dylib\#/Applications/Xcode.app/Contents/Developer/Platforms/iPhoneOS.platform/Developer/usr/bin/swift-plugin-server\#FoundationMacros -load-resolved-plugin /Applications/Xcode.app/Contents/Developer/Platforms/iPhoneOS.platform/Developer/usr/lib/swift/host/plugins/libObservationMacros.dylib\#/Applications/Xcode.app/Contents/Developer/Platforms/iPhoneOS.platform/Developer/usr/bin/swift-plugin-server\#ObservationMacros -load-resolved-plugin /Applications/Xcode.app/Contents/Developer/Platforms/iPhoneOS.platform/Developer/usr/lib/swift/host/plugins/libPreviewsMacros.dylib\#/Applications/Xcode.app/Contents/Developer/Platforms/iPhoneOS.platform/Developer/usr/bin/swift-plugin-server\#PreviewsMacros -load-resolved-plugin /Applications/Xcode.app/Contents/Developer/Platforms/iPhoneOS.platform/Developer/usr/lib/swift/host/plugins/libSwiftMacros.dylib\#/Applications/Xcode.app/Contents/Developer/Platforms/iPhoneOS.platform/Developer/usr/bin/swift-plugin-server\#SwiftMacros -load-resolved-plugin /Applications/Xcode.app/Contents/Developer/Platforms/iPhoneOS.platform/Developer/usr/lib/swift/host/plugins/libSwiftUIMacros.dylib\#/Applications/Xcode.app/Contents/Developer/Platforms/iPhoneOS.platform/Developer/usr/bin/swift-plugin-server\#SwiftUIMacros -load-resolved-plugin /Applications/Xcode.app/Contents/Developer/Platforms/iPhoneOS.platform/Developer/usr/lib/swift/host/plugins/libTipKitMacros.dylib\#/Applications/Xcode.app/Contents/Developer/Platforms/iPhoneOS.platform/Developer/usr/bin/swift-plugin-server\#TipKitMacros -disable-implicit-swift-modules -Xcc -fno-implicit-modules -Xcc -fno-implicit-module-maps -explicit-swift-module-map-file /Users/iamvishal16/Library/Developer/Xcode/DerivedData/IngrediCheck-ezcqhqexpubhfkcpriqcvmqgpqkm/Build/Intermediates.noindex/IngrediCheck.build/Debug-iphonesimulator/IngrediCheck.build/Objects-normal/arm64/IngrediCheck-dependencies-1.json -Xllvm -aarch64-use-tbi -enable-objc-interop -sdk /Applications/Xcode.app/Contents/Developer/Platforms/iPhoneSimulator.platform/Developer/SDKs/iPhoneSimulator26.1.sdk -I /Users/iamvishal16/Library/Developer/Xcode/DerivedData/IngrediCheck-ezcqhqexpubhfkcpriqcvmqgpqkm/Build/Products/Debug-iphonesimulator -F /Users/iamvishal16/Library/Developer/Xcode/DerivedData/IngrediCheck-ezcqhqexpubhfkcpriqcvmqgpqkm/Build/Products/Debug-iphonesimulator/PackageFrameworks -F /Users/iamvishal16/Library/Developer/Xcode/DerivedData/IngrediCheck-ezcqhqexpubhfkcpriqcvmqgpqkm/Build/Products/Debug-iphonesimulator/PackageFrameworks -F /Users/iamvishal16/Library/Developer/Xcode/DerivedData/IngrediCheck-ezcqhqexpubhfkcpriqcvmqgpqkm/Build/Products/Debug-iphonesimulator/PackageFrameworks -F /Users/iamvishal16/Library/Developer/Xcode/DerivedData/IngrediCheck-ezcqhqexpubhfkcpriqcvmqgpqkm/Build/Products/Debug-iphonesimulator/PackageFrameworks -F /Users/iamvishal16/Library/Developer/Xcode/DerivedData/IngrediCheck-ezcqhqexpubhfkcpriqcvmqgpqkm/Build/Products/Debug-iphonesimulator/PackageFrameworks -F /Users/iamvishal16/Library/Developer/Xcode/DerivedData/IngrediCheck-ezcqhqexpubhfkcpriqcvmqgpqkm/Build/Products/Debug-iphonesimulator/PackageFrameworks -F /Users/iamvishal16/Library/Developer/Xcode/DerivedData/IngrediCheck-ezcqhqexpubhfkcpriqcvmqgpqkm/Build/Products/Debug-iphonesimulator/PackageFrameworks -F /Users/iamvishal16/Library/Developer/Xcode/DerivedData/IngrediCheck-ezcqhqexpubhfkcpriqcvmqgpqkm/Build/Products/Debug-iphonesimulator/PackageFrameworks -F /Users/iamvishal16/Library/Developer/Xcode/DerivedData/IngrediCheck-ezcqhqexpubhfkcpriqcvmqgpqkm/Build/Products/Debug-iphonesimulator/PackageFrameworks -F /Users/iamvishal16/Library/Developer/Xcode/DerivedData/IngrediCheck-ezcqhqexpubhfkcpriqcvmqgpqkm/Build/Products/Debug-iphonesimulator/PackageFrameworks -F /Users/iamvishal16/Library/Developer/Xcode/DerivedData/IngrediCheck-ezcqhqexpubhfkcpriqcvmqgpqkm/Build/Products/Debug-iphonesimulator/PackageFrameworks -F /Users/iamvishal16/Library/Developer/Xcode/DerivedData/IngrediCheck-ezcqhqexpubhfkcpriqcvmqgpqkm/Build/Products/Debug-iphonesimulator/PackageFrameworks -F /Users/iamvishal16/Library/Developer/Xcode/DerivedData/IngrediCheck-ezcqhqexpubhfkcpriqcvmqgpqkm/Build/Products/Debug-iphonesimulator/PackageFrameworks -F /Users/iamvishal16/Library/Developer/Xcode/DerivedData/IngrediCheck-ezcqhqexpubhfkcpriqcvmqgpqkm/Build/Products/Debug-iphonesimulator/PackageFrameworks -F /Users/iamvishal16/Library/Developer/Xcode/DerivedData/IngrediCheck-ezcqhqexpubhfkcpriqcvmqgpqkm/Build/Products/Debug-iphonesimulator/PackageFrameworks -F /Users/iamvishal16/Library/Developer/Xcode/DerivedData/IngrediCheck-ezcqhqexpubhfkcpriqcvmqgpqkm/Build/Products/Debug-iphonesimulator/PackageFrameworks -F /Users/iamvishal16/Library/Developer/Xcode/DerivedData/IngrediCheck-ezcqhqexpubhfkcpriqcvmqgpqkm/Build/Products/Debug-iphonesimulator/PackageFrameworks -F /Users/iamvishal16/Library/Developer/Xcode/DerivedData/IngrediCheck-ezcqhqexpubhfkcpriqcvmqgpqkm/Build/Products/Debug-iphonesimulator/PackageFrameworks -F /Users/iamvishal16/Library/Developer/Xcode/DerivedData/IngrediCheck-ezcqhqexpubhfkcpriqcvmqgpqkm/Build/Products/Debug-iphonesimulator/PackageFrameworks -F /Users/iamvishal16/Library/Developer/Xcode/DerivedData/IngrediCheck-ezcqhqexpubhfkcpriqcvmqgpqkm/Build/Products/Debug-iphonesimulator/PackageFrameworks -F /Users/iamvishal16/Library/Developer/Xcode/DerivedData/IngrediCheck-ezcqhqexpubhfkcpriqcvmqgpqkm/Build/Products/Debug-iphonesimulator/PackageFrameworks -F /Users/iamvishal16/Library/Developer/Xcode/DerivedData/IngrediCheck-ezcqhqexpubhfkcpriqcvmqgpqkm/Build/Products/Debug-iphonesimulator/PackageFrameworks -F /Users/iamvishal16/Library/Developer/Xcode/DerivedData/IngrediCheck-ezcqhqexpubhfkcpriqcvmqgpqkm/Build/Products/Debug-iphonesimulator/PackageFrameworks -F /Users/iamvishal16/Library/Developer/Xcode/DerivedData/IngrediCheck-ezcqhqexpubhfkcpriqcvmqgpqkm/Build/Products/Debug-iphonesimulator/PackageFrameworks -F /Users/iamvishal16/Library/Developer/Xcode/DerivedData/IngrediCheck-ezcqhqexpubhfkcpriqcvmqgpqkm/Build/Products/Debug-iphonesimulator/PackageFrameworks -F /Users/iamvishal16/Library/Developer/Xcode/DerivedData/IngrediCheck-ezcqhqexpubhfkcpriqcvmqgpqkm/Build/Products/Debug-iphonesimulator/PackageFrameworks -F /Users/iamvishal16/Library/Developer/Xcode/DerivedData/IngrediCheck-ezcqhqexpubhfkcpriqcvmqgpqkm/Build/Products/Debug-iphonesimulator/PackageFrameworks -F /Users/iamvishal16/Library/Developer/Xcode/DerivedData/IngrediCheck-ezcqhqexpubhfkcpriqcvmqgpqkm/Build/Products/Debug-iphonesimulator/PackageFrameworks -F /Users/iamvishal16/Library/Developer/Xcode/DerivedData/IngrediCheck-ezcqhqexpubhfkcpriqcvmqgpqkm/Build/Products/Debug-iphonesimulator/PackageFrameworks -F /Users/iamvishal16/Library/Developer/Xcode/DerivedData/IngrediCheck-ezcqhqexpubhfkcpriqcvmqgpqkm/Build/Products/Debug-iphonesimulator/PackageFrameworks -F /Users/iamvishal16/Library/Developer/Xcode/DerivedData/IngrediCheck-ezcqhqexpubhfkcpriqcvmqgpqkm/Build/Products/Debug-iphonesimulator/PackageFrameworks -F /Users/iamvishal16/Library/Developer/Xcode/DerivedData/IngrediCheck-ezcqhqexpubhfkcpriqcvmqgpqkm/Build/Products/Debug-iphonesimulator -no-color-diagnostics -Xcc -fno-color-diagnostics -enable-testing -g -debug-info-format\=dwarf -dwarf-version\=4 -module-cache-path /Users/iamvishal16/Library/Developer/Xcode/DerivedData/IngrediCheck-ezcqhqexpubhfkcpriqcvmqgpqkm/Build/Intermediates.noindex/SwiftExplicitPrecompiledModules -swift-version 5 -enforce-exclusivity\=checked -Onone -D DEBUG -serialize-debugging-options -const-gather-protocols-file /Users/iamvishal16/Library/Developer/Xcode/DerivedData/IngrediCheck-ezcqhqexpubhfkcpriqcvmqgpqkm/Build/Intermediates.noindex/IngrediCheck.build/Debug-iphonesimulator/IngrediCheck.build/Objects-normal/arm64/IngrediCheck_const_extract_protocols.json -enable-experimental-feature DebugDescriptionMacro -enable-bare-slash-regex -empty-abi-descriptor -validate-clang-modules-once -clang-build-session-file /Users/iamvishal16/Library/Developer/Xcode/DerivedData/ModuleCache.noindex/Session.modulevalidation -Xcc -working-directory -Xcc /Users/iamvishal16/Vishal/Projects/iOS/IngrediCheckIOS1/IngrediCheck-iOS -enable-anonymous-context-mangled-names -file-compilation-dir /Users/iamvishal16/Vishal/Projects/iOS/IngrediCheckIOS1/IngrediCheck-iOS -Xcc -fmodule-map-file\=/Users/iamvishal16/Library/Developer/Xcode/DerivedData/IngrediCheck-ezcqhqexpubhfkcpriqcvmqgpqkm/Build/Intermediates.noindex/GeneratedModuleMaps-iphonesimulator/AppAuth.modulemap -Xcc -fmodule-map-file\=/Users/iamvishal16/Library/Developer/Xcode/DerivedData/IngrediCheck-ezcqhqexpubhfkcpriqcvmqgpqkm/Build/Intermediates.noindex/GeneratedModuleMaps-iphonesimulator/AppAuthCore.modulemap -Xcc -fmodule-map-file\=/Users/iamvishal16/Library/Developer/Xcode/DerivedData/IngrediCheck-ezcqhqexpubhfkcpriqcvmqgpqkm/Build/Intermediates.noindex/GeneratedModuleMaps-iphonesimulator/GoogleUtilities-Logger.modulemap -Xcc -fmodule-map-file\=/Users/iamvishal16/Library/Developer/Xcode/DerivedData/IngrediCheck-ezcqhqexpubhfkcpriqcvmqgpqkm/Build/Intermediates.noindex/GeneratedModuleMaps-iphonesimulator/GoogleUtilities-Environment.modulemap -Xcc -fmodule-map-file\=/Users/iamvishal16/Library/Developer/Xcode/DerivedData/IngrediCheck-ezcqhqexpubhfkcpriqcvmqgpqkm/Build/Intermediates.noindex/GeneratedModuleMaps-iphonesimulator/third-party-IsAppEncrypted.modulemap -Xcc -fmodule-map-file\=/Users/iamvishal16/Library/Developer/Xcode/DerivedData/IngrediCheck-ezcqhqexpubhfkcpriqcvmqgpqkm/Build/Intermediates.noindex/GeneratedModuleMaps-iphonesimulator/GoogleUtilities-UserDefaults.modulemap -Xcc -fmodule-map-file\=/Users/iamvishal16/Library/Developer/Xcode/DerivedData/IngrediCheck-ezcqhqexpubhfkcpriqcvmqgpqkm/Build/Intermediates.noindex/GeneratedModuleMaps-iphonesimulator/AppCheckCore.modulemap -Xcc -fmodule-map-file\=/Users/iamvishal16/Library/Developer/Xcode/DerivedData/IngrediCheck-ezcqhqexpubhfkcpriqcvmqgpqkm/Build/Intermediates.noindex/GeneratedModuleMaps-iphonesimulator/GTMSessionFetcherCore.modulemap -Xcc -fmodule-map-file\=/Users/iamvishal16/Library/Developer/Xcode/DerivedData/IngrediCheck-ezcqhqexpubhfkcpriqcvmqgpqkm/Build/Intermediates.noindex/GeneratedModuleMaps-iphonesimulator/GoogleSignIn.modulemap -Xcc -fmodule-map-file\=/Users/iamvishal16/Library/Developer/Xcode/DerivedData/IngrediCheck-ezcqhqexpubhfkcpriqcvmqgpqkm/Build/Intermediates.noindex/GeneratedModuleMaps-iphonesimulator/phlibwebp.modulemap -Xcc -D_LIBCPP_HARDENING_MODE\=_LIBCPP_HARDENING_MODE_DEBUG -Xcc -ivfsstatcache -Xcc /Users/iamvishal16/Library/Developer/Xcode/DerivedData/SDKStatCaches.noindex/iphonesimulator26.1-23B77-90cf18a4295e390e64c810bc6bd7acbc.sdkstatcache -Xcc -I/Users/iamvishal16/Library/Developer/Xcode/DerivedData/IngrediCheck-ezcqhqexpubhfkcpriqcvmqgpqkm/Build/Intermediates.noindex/IngrediCheck.build/Debug-iphonesimulator/IngrediCheck.build/swift-overrides.hmap -Xcc -iquote -Xcc /Users/iamvishal16/Library/Developer/Xcode/DerivedData/IngrediCheck-ezcqhqexpubhfkcpriqcvmqgpqkm/Build/Intermediates.noindex/IngrediCheck.build/Debug-iphonesimulator/IngrediCheck.build/IngrediCheck-generated-files.hmap -Xcc -I/Users/iamvishal16/Library/Developer/Xcode/DerivedData/IngrediCheck-ezcqhqexpubhfkcpriqcvmqgpqkm/Build/Intermediates.noindex/IngrediCheck.build/Debug-iphonesimulator/IngrediCheck.build/IngrediCheck-own-target-headers.hmap -Xcc -I/Users/iamvishal16/Library/Developer/Xcode/DerivedData/IngrediCheck-ezcqhqexpubhfkcpriqcvmqgpqkm/Build/Intermediates.noindex/IngrediCheck.build/Debug-iphonesimulator/IngrediCheck.build/IngrediCheck-all-non-framework-target-headers.hmap -Xcc -ivfsoverlay -Xcc /Users/iamvishal16/Library/Developer/Xcode/DerivedData/IngrediCheck-ezcqhqexpubhfkcpriqcvmqgpqkm/Build/Intermediates.noindex/IngrediCheck.build/Debug-iphonesimulator/IngrediCheck-edffdc75c0692daa3d493063d084cce4-VFS-iphonesimulator/all-product-headers.yaml -Xcc -iquote -Xcc /Users/iamvishal16/Library/Developer/Xcode/DerivedData/IngrediCheck-ezcqhqexpubhfkcpriqcvmqgpqkm/Build/Intermediates.noindex/IngrediCheck.build/Debug-iphonesimulator/IngrediCheck.build/IngrediCheck-project-headers.hmap -Xcc -I/Users/iamvishal16/Library/Developer/Xcode/DerivedData/IngrediCheck-ezcqhqexpubhfkcpriqcvmqgpqkm/SourcePackages/checkouts/AppAuth-iOS/Sources/AppAuth -Xcc -I/Users/iamvishal16/Library/Developer/Xcode/DerivedData/IngrediCheck-ezcqhqexpubhfkcpriqcvmqgpqkm/SourcePackages/checkouts/AppAuth-iOS/Sources/AppAuthCore -Xcc -I/Users/iamvishal16/Library/Developer/Xcode/DerivedData/IngrediCheck-ezcqhqexpubhfkcpriqcvmqgpqkm/SourcePackages/checkouts/promises/Sources/FBLPromises/include -Xcc -I/Users/iamvishal16/Library/Developer/Xcode/DerivedData/IngrediCheck-ezcqhqexpubhfkcpriqcvmqgpqkm/SourcePackages/checkouts/GoogleUtilities/GoogleUtilities/Logger/Public -Xcc -I/Users/iamvishal16/Library/Developer/Xcode/DerivedData/IngrediCheck-ezcqhqexpubhfkcpriqcvmqgpqkm/SourcePackages/checkouts/GoogleUtilities/GoogleUtilities/Environment/Public -Xcc -I/Users/iamvishal16/Library/Developer/Xcode/DerivedData/IngrediCheck-ezcqhqexpubhfkcpriqcvmqgpqkm/SourcePackages/checkouts/GoogleUtilities/third_party/IsAppEncrypted/Public -Xcc -I/Users/iamvishal16/Library/Developer/Xcode/DerivedData/IngrediCheck-ezcqhqexpubhfkcpriqcvmqgpqkm/SourcePackages/checkouts/GoogleUtilities/GoogleUtilities/UserDefaults/Public -Xcc -I/Users/iamvishal16/Library/Developer/Xcode/DerivedData/IngrediCheck-ezcqhqexpubhfkcpriqcvmqgpqkm/SourcePackages/checkouts/app-check/AppCheckCore/Sources/Public -Xcc -I/Users/iamvishal16/Library/Developer/Xcode/DerivedData/IngrediCheck-ezcqhqexpubhfkcpriqcvmqgpqkm/SourcePackages/checkouts/gtm-session-fetcher/Sources/Core/Public -Xcc -I/Users/iamvishal16/Library/Developer/Xcode/DerivedData/IngrediCheck-ezcqhqexpubhfkcpriqcvmqgpqkm/SourcePackages/checkouts/GoogleSignIn-iOS/GoogleSignIn/Sources/Public -Xcc -I/Users/iamvishal16/Library/Developer/Xcode/DerivedData/IngrediCheck-ezcqhqexpubhfkcpriqcvmqgpqkm/SourcePackages/checkouts/posthog-ios/vendor/libwebp -Xcc -I/Users/iamvishal16/Library/Developer/Xcode/DerivedData/IngrediCheck-ezcqhqexpubhfkcpriqcvmqgpqkm/Build/Products/Debug-iphonesimulator/include -Xcc -I/Users/iamvishal16/Library/Developer/Xcode/DerivedData/IngrediCheck-ezcqhqexpubhfkcpriqcvmqgpqkm/Build/Intermediates.noindex/IngrediCheck.build/Debug-iphonesimulator/IngrediCheck.build/DerivedSources-normal/arm64 -Xcc -I/Users/iamvishal16/Library/Developer/Xcode/DerivedData/IngrediCheck-ezcqhqexpubhfkcpriqcvmqgpqkm/Build/Intermediates.noindex/IngrediCheck.build/Debug-iphonesimulator/IngrediCheck.build/DerivedSources/arm64 -Xcc -I/Users/iamvishal16/Library/Developer/Xcode/DerivedData/IngrediCheck-ezcqhqexpubhfkcpriqcvmqgpqkm/Build/Intermediates.noindex/IngrediCheck.build/Debug-iphonesimulator/IngrediCheck.build/DerivedSources -Xcc -DDEBUG\=1 -no-auto-bridging-header-chaining -module-name IngrediCheck -frontend-parseable-output -disable-clang-spi -target-sdk-version 26.1 -target-sdk-name iphonesimulator26.1 -clang-target arm64-apple-ios26.1-simulator -in-process-plugin-server-path /Applications/Xcode.app/Contents/Developer/Toolchains/XcodeDefault.xctoolchain/usr/lib/swift/host/libSwiftInProcPluginServer.dylib -o /Users/iamvishal16/Library/Developer/Xcode/DerivedData/IngrediCheck-ezcqhqexpubhfkcpriqcvmqgpqkm/Build/Intermediates.noindex/IngrediCheck.build/Debug-iphonesimulator/IngrediCheck.build/Objects-normal/arm64/WebService.o -index-unit-output-path /IngrediCheck.build/Debug-iphonesimulator/IngrediCheck.build/Objects-normal/arm64/WebService.o -index-store-path /Users/iamvishal16/Library/Developer/Xcode/DerivedData/IngrediCheck-ezcqhqexpubhfkcpriqcvmqgpqkm/Index.noindex/DataStore -index-system-modules

SwiftCompile normal arm64 /Users/iamvishal16/Vishal/Projects/iOS/IngrediCheckIOS1/IngrediCheck-iOS/IngrediCheck/WebService.swift (in target 'IngrediCheck' from project 'IngrediCheck')
    cd /Users/iamvishal16/Vishal/Projects/iOS/IngrediCheckIOS1/IngrediCheck-iOS
    
/Users/iamvishal16/Vishal/Projects/iOS/IngrediCheckIOS1/IngrediCheck-iOS/IngrediCheck/WebService.swift:449:65: warning: reference to captured var 'errorMessage' in concurrently-executing code; this is an error in the Swift 6 language mode
                    onError(UnifiedAnalysisStreamError(message: errorMessage, statusCode: statusCode))
                                                                ^
/Users/iamvishal16/Vishal/Projects/iOS/IngrediCheckIOS1/IngrediCheck-iOS/IngrediCheck/WebService.swift:449:91: warning: reference to captured var 'statusCode' in concurrently-executing code; this is an error in the Swift 6 language mode
                    onError(UnifiedAnalysisStreamError(message: errorMessage, statusCode: statusCode))
                                                                                          ^
/Users/iamvishal16/Vishal/Projects/iOS/IngrediCheckIOS1/IngrediCheck-iOS/IngrediCheck/WebService.swift:698:86: warning: left side of nil coalescing operator '??' has non-optional type 'String', so the right side is never used
                print("[BARCODE_SCAN] ⚠️ Unknown event type: \(resolvedEventType ?? "nil")")
/Users/iamvishal16/Vishal/Projects/iOS/IngrediCheckIOS1/IngrediCheck-iOS/IngrediCheck/WebService.swift:690:54: warning: reference to captured var 'errorMessage' in concurrently-executing code; this is an error in the Swift 6 language mode
                    onError(ScanStreamError(message: errorMessage, statusCode: nil), scanId)
                                                     ^
/Users/iamvishal16/Vishal/Projects/iOS/IngrediCheckIOS1/IngrediCheck-iOS/IngrediCheck/WebService.swift:690:86: warning: reference to captured var 'scanId' in concurrently-executing code; this is an error in the Swift 6 language mode
                    onError(ScanStreamError(message: errorMessage, statusCode: nil), scanId)
                                                                                     ^
/Users/iamvishal16/Vishal/Projects/iOS/IngrediCheckIOS1/IngrediCheck-iOS/IngrediCheck/WebService.swift:722:100: warning: reference to captured var 'scanId' in concurrently-executing code; this is an error in the Swift 6 language mode
                    onError(ScanStreamError(message: error.localizedDescription, statusCode: nil), scanId)
                                                                                                   ^
/Users/iamvishal16/Vishal/Projects/iOS/IngrediCheckIOS1/IngrediCheck-iOS/IngrediCheck/WebService.swift:1107:68: warning: 'upload(path:file:options:)' is deprecated: renamed to 'upload(_:data:options:)'
            try await supabaseClient.storage.from("productimages").upload(
                                                                   ^
/Users/iamvishal16/Vishal/Projects/iOS/IngrediCheckIOS1/IngrediCheck-iOS/IngrediCheck/WebService.swift:1107:68: note: use 'upload(_:data:options:)' instead
            try await supabaseClient.storage.from("productimages").upload(
                                                                   ^
/Users/iamvishal16/Vishal/Projects/iOS/IngrediCheckIOS1/IngrediCheck-iOS/IngrediCheck/WebService.swift:1517:32: warning: expression is 'async' but is not marked with 'await'; this is an error in the Swift 6 language mode
                let platform = UIDevice.current.systemName.lowercased()
                               ^~~~~~~~~~~~~~~~~~~~~~~~~~~~~~~~~~~~~~~~
                               await 
/Users/iamvishal16/Vishal/Projects/iOS/IngrediCheckIOS1/IngrediCheck-iOS/IngrediCheck/WebService.swift:1517:32: note: property access is 'async'
                let platform = UIDevice.current.systemName.lowercased()
                               ^
/Users/iamvishal16/Vishal/Projects/iOS/IngrediCheckIOS1/IngrediCheck-iOS/IngrediCheck/WebService.swift:1517:32: note: property access is 'async'
                let platform = UIDevice.current.systemName.lowercased()
                               ^
/Users/iamvishal16/Vishal/Projects/iOS/IngrediCheckIOS1/IngrediCheck-iOS/IngrediCheck/WebService.swift:1518:33: warning: expression is 'async' but is not marked with 'await'; this is an error in the Swift 6 language mode
                let osVersion = UIDevice.current.systemVersion
                                ^~~~~~~~~~~~~~~~~~~~~~~~~~~~~~
                                await 
/Users/iamvishal16/Vishal/Projects/iOS/IngrediCheckIOS1/IngrediCheck-iOS/IngrediCheck/WebService.swift:1518:33: note: property access is 'async'
                let osVersion = UIDevice.current.systemVersion
                                ^
/Users/iamvishal16/Vishal/Projects/iOS/IngrediCheckIOS1/IngrediCheck-iOS/IngrediCheck/WebService.swift:1518:33: note: property access is 'async'
                let osVersion = UIDevice.current.systemVersion
                                ^
/Users/iamvishal16/Vishal/Projects/iOS/IngrediCheckIOS1/IngrediCheck-iOS/IngrediCheck/WebService.swift:1678:68: warning: 'serviceSubscriberCellularProviders' was deprecated in iOS 16.0: Deprecated with no replacement
        guard let serviceSubscriberCellularProviders = networkInfo.serviceSubscriberCellularProviders,
                                                                   ^
/Users/iamvishal16/Vishal/Projects/iOS/IngrediCheckIOS1/IngrediCheck-iOS/IngrediCheck/WebService.swift:1685:28: warning: 'carrierName' was deprecated in iOS 16.0: Deprecated; returns '--' at some point in the future
            return carrier.carrierName
                           ^
/Users/iamvishal16/Vishal/Projects/iOS/IngrediCheckIOS1/IngrediCheck-iOS/IngrediCheck/WebService.swift:1696:31: warning: expression is 'async' but is not marked with 'await'; this is an error in the Swift 6 language mode
            let deviceModel = UIDevice.current.model
                              ^~~~~~~~~~~~~~~~~~~~~~
                              await 
/Users/iamvishal16/Vishal/Projects/iOS/IngrediCheckIOS1/IngrediCheck-iOS/IngrediCheck/WebService.swift:1696:31: note: property access is 'async'
            let deviceModel = UIDevice.current.model
                              ^
/Users/iamvishal16/Vishal/Projects/iOS/IngrediCheckIOS1/IngrediCheck-iOS/IngrediCheck/WebService.swift:1696:31: note: property access is 'async'
            let deviceModel = UIDevice.current.model
                              ^
/Users/iamvishal16/Vishal/Projects/iOS/IngrediCheckIOS1/IngrediCheck-iOS/IngrediCheck/WebService.swift:2082:31: error: cannot find 'authService' in scope
        let token = try await authService.getAccessToken()
                              ^~~~~~~~~~~
/Users/iamvishal16/Vishal/Projects/iOS/IngrediCheckIOS1/IngrediCheck-iOS/IngrediCheck/WebService.swift:2087:14: error: value of type 'SupabaseRequestBuilder' has no member 'setBody'
            .setBody(to: request)
             ^~~~~~~
/Users/iamvishal16/Vishal/Projects/iOS/IngrediCheckIOS1/IngrediCheck-iOS/IngrediCheck/WebService.swift:2093:48: error: cannot find 'httpResponse' in scope
            throw NetworkError.invalidResponse(httpResponse.statusCode)
                                               ^~~~~~~~~~~~
/Users/iamvishal16/Vishal/Projects/iOS/IngrediCheckIOS1/IngrediCheck-iOS/IngrediCheck/WebService.swift:2106:62: error: cannot find 'ErrorResponse' in scope
            if let errorResponse = try? JSONDecoder().decode(ErrorResponse.self, from: data) {
                                                             ^~~~~~~~~~~~~
/Users/iamvishal16/Vishal/Projects/iOS/IngrediCheckIOS1/IngrediCheck-iOS/IngrediCheck/WebService.swift:2106:55: error: type of expression is ambiguous without a type annotation
            if let errorResponse = try? JSONDecoder().decode(ErrorResponse.self, from: data) {
                                   ~~~~~~~~~~~~~~~~~~~^~~~~~~~~~~~~~~~~~~~~~~~~~~~~~~~~~~~~~
/Users/iamvishal16/Vishal/Projects/iOS/IngrediCheckIOS1/IngrediCheck-iOS/IngrediCheck/WebService.swift:2109:32: error: type 'NetworkError' has no member 'serverError'
            throw NetworkError.serverError(statusCode: httpResponse.statusCode)
                  ~~~~~~~~~~~~ ^~~~~~~~~~~
/Users/iamvishal16/Vishal/Projects/iOS/IngrediCheckIOS1/IngrediCheck-iOS/IngrediCheck/WebService.swift:2114:31: error: cannot find 'authService' in scope
        let token = try await authService.getAccessToken()
                              ^~~~~~~~~~~
/Users/iamvishal16/Vishal/Projects/iOS/IngrediCheckIOS1/IngrediCheck-iOS/IngrediCheck/WebService.swift:2121:14: error: value of type 'SupabaseRequestBuilder' has no member 'setBody'
            .setBody(to: updateRequest)
             ^~~~~~~
/Users/iamvishal16/Vishal/Projects/iOS/IngrediCheckIOS1/IngrediCheck-iOS/IngrediCheck/WebService.swift:2127:49: error: cannot find 'httpResponse' in scope
             throw NetworkError.invalidResponse(httpResponse.statusCode)
                                                ^~~~~~~~~~~~
/Users/iamvishal16/Vishal/Projects/iOS/IngrediCheckIOS1/IngrediCheck-iOS/IngrediCheck/WebService.swift:2139:33: error: type 'NetworkError' has no member 'serverError'
             throw NetworkError.serverError(statusCode: httpResponse.statusCode)
                   ~~~~~~~~~~~~ ^~~~~~~~~~~

SwiftEmitModule normal arm64 Emitting\ module\ for\ IngrediCheck (in target 'IngrediCheck' from project 'IngrediCheck')
EmitSwiftModule normal arm64 (in target 'IngrediCheck' from project 'IngrediCheck')
    cd /Users/iamvishal16/Vishal/Projects/iOS/IngrediCheckIOS1/IngrediCheck-iOS
    

SwiftCompile normal arm64 Compiling\ DTO.swift /Users/iamvishal16/Vishal/Projects/iOS/IngrediCheckIOS1/IngrediCheck-iOS/IngrediCheck/DTO.swift (in target 'IngrediCheck' from project 'IngrediCheck')
SwiftCompile normal arm64 /Users/iamvishal16/Vishal/Projects/iOS/IngrediCheckIOS1/IngrediCheck-iOS/IngrediCheck/DTO.swift (in target 'IngrediCheck' from project 'IngrediCheck')
    cd /Users/iamvishal16/Vishal/Projects/iOS/IngrediCheckIOS1/IngrediCheck-iOS
    

** BUILD FAILED **


The following build commands failed:
	SwiftCompile normal arm64 Compiling\ WebService.swift /Users/iamvishal16/Vishal/Projects/iOS/IngrediCheckIOS1/IngrediCheck-iOS/IngrediCheck/WebService.swift (in target 'IngrediCheck' from project 'IngrediCheck')
	SwiftCompile normal arm64 /Users/iamvishal16/Vishal/Projects/iOS/IngrediCheckIOS1/IngrediCheck-iOS/IngrediCheck/WebService.swift (in target 'IngrediCheck' from project 'IngrediCheck')
	Building workspace IngrediCheck with scheme IngrediCheck
(3 failures)
